Archive member included to satisfy reference by file (symbol)

C:/nxp/MCUXpressoIDE_25.6.136/ide/plugins/com.nxp.mcuxpresso.tools.win32_25.6.0.202501151204/tools/bin/../lib/gcc/arm-none-eabi/14.2.1/../../../../arm-none-eabi/lib/thumb/v6-m/nofp\libcr_nohost_nf.a(_cr__main.o)
                              ./startup/startup_mcxc444.o (__main)
C:/nxp/MCUXpressoIDE_25.6.136/ide/plugins/com.nxp.mcuxpresso.tools.win32_25.6.0.202501151204/tools/bin/../lib/gcc/arm-none-eabi/14.2.1/../../../../arm-none-eabi/lib/thumb/v6-m/nofp\libcr_c.a(memcpy.o)
                              ./utilities/str/fsl_str.o (memcpy)
C:/nxp/MCUXpressoIDE_25.6.136/ide/plugins/com.nxp.mcuxpresso.tools.win32_25.6.0.202501151204/tools/bin/../lib/gcc/arm-none-eabi/14.2.1/../../../../arm-none-eabi/lib/thumb/v6-m/nofp\libcr_c.a(memset.o)
                              ./utilities/debug_console/fsl_debug_console.o (memset)
C:/nxp/MCUXpressoIDE_25.6.136/ide/plugins/com.nxp.mcuxpresso.tools.win32_25.6.0.202501151204/tools/bin/../lib/gcc/arm-none-eabi/14.2.1/../../../../arm-none-eabi/lib/thumb/v6-m/nofp\libcr_c.a(alloc.o)
                              ./drivers/fsl_common.o (malloc)
C:/nxp/MCUXpressoIDE_25.6.136/ide/plugins/com.nxp.mcuxpresso.tools.win32_25.6.0.202501151204/tools/bin/../lib/gcc/arm-none-eabi/14.2.1/../../../../arm-none-eabi/lib/thumb/v6-m/nofp\libcr_c.a(errno.o)
                              ./utilities/str/fsl_str.o (errno)
C:/nxp/MCUXpressoIDE_25.6.136/ide/plugins/com.nxp.mcuxpresso.tools.win32_25.6.0.202501151204/tools/bin/../lib/gcc/arm-none-eabi/14.2.1/../../../../arm-none-eabi/lib/thumb/v6-m/nofp\libcr_c.a(initio.o)
                              C:/nxp/MCUXpressoIDE_25.6.136/ide/plugins/com.nxp.mcuxpresso.tools.win32_25.6.0.202501151204/tools/bin/../lib/gcc/arm-none-eabi/14.2.1/../../../../arm-none-eabi/lib/thumb/v6-m/nofp\libcr_nohost_nf.a(_cr__main.o) (_initio)
C:/nxp/MCUXpressoIDE_25.6.136/ide/plugins/com.nxp.mcuxpresso.tools.win32_25.6.0.202501151204/tools/bin/../lib/gcc/arm-none-eabi/14.2.1/../../../../arm-none-eabi/lib/thumb/v6-m/nofp\libcr_c.a(scanf.o)
                              ./utilities/str/fsl_str.o (strtoul)
C:/nxp/MCUXpressoIDE_25.6.136/ide/plugins/com.nxp.mcuxpresso.tools.win32_25.6.0.202501151204/tools/bin/../lib/gcc/arm-none-eabi/14.2.1/../../../../arm-none-eabi/lib/thumb/v6-m/nofp\libcr_c.a(setvbuf.o)
                              C:/nxp/MCUXpressoIDE_25.6.136/ide/plugins/com.nxp.mcuxpresso.tools.win32_25.6.0.202501151204/tools/bin/../lib/gcc/arm-none-eabi/14.2.1/../../../../arm-none-eabi/lib/thumb/v6-m/nofp\libcr_c.a(initio.o) (setvbuf)
C:/nxp/MCUXpressoIDE_25.6.136/ide/plugins/com.nxp.mcuxpresso.tools.win32_25.6.0.202501151204/tools/bin/../lib/gcc/arm-none-eabi/14.2.1/../../../../arm-none-eabi/lib/thumb/v6-m/nofp\libcr_c.a(strlen.o)
                              ./utilities/str/fsl_str.o (strlen)
C:/nxp/MCUXpressoIDE_25.6.136/ide/plugins/com.nxp.mcuxpresso.tools.win32_25.6.0.202501151204/tools/bin/../lib/gcc/arm-none-eabi/14.2.1/../../../../arm-none-eabi/lib/thumb/v6-m/nofp\libcr_c.a(ungetc.o)
                              C:/nxp/MCUXpressoIDE_25.6.136/ide/plugins/com.nxp.mcuxpresso.tools.win32_25.6.0.202501151204/tools/bin/../lib/gcc/arm-none-eabi/14.2.1/../../../../arm-none-eabi/lib/thumb/v6-m/nofp\libcr_c.a(scanf.o) (ungetc)
C:/nxp/MCUXpressoIDE_25.6.136/ide/plugins/com.nxp.mcuxpresso.tools.win32_25.6.0.202501151204/tools/bin/../lib/gcc/arm-none-eabi/14.2.1/../../../../arm-none-eabi/lib/thumb/v6-m/nofp\libcr_c.a(__fillbuf.o)
                              C:/nxp/MCUXpressoIDE_25.6.136/ide/plugins/com.nxp.mcuxpresso.tools.win32_25.6.0.202501151204/tools/bin/../lib/gcc/arm-none-eabi/14.2.1/../../../../arm-none-eabi/lib/thumb/v6-m/nofp\libcr_c.a(scanf.o) (__filbuf)
C:/nxp/MCUXpressoIDE_25.6.136/ide/plugins/com.nxp.mcuxpresso.tools.win32_25.6.0.202501151204/tools/bin/../lib/gcc/arm-none-eabi/14.2.1/../../../../arm-none-eabi/lib/thumb/v6-m/nofp\libcr_c.a(__init_alloc.o)
                              C:/nxp/MCUXpressoIDE_25.6.136/ide/plugins/com.nxp.mcuxpresso.tools.win32_25.6.0.202501151204/tools/bin/../lib/gcc/arm-none-eabi/14.2.1/../../../../arm-none-eabi/lib/thumb/v6-m/nofp\libcr_c.a(alloc.o) (__heaps)
C:/nxp/MCUXpressoIDE_25.6.136/ide/plugins/com.nxp.mcuxpresso.tools.win32_25.6.0.202501151204/tools/bin/../lib/gcc/arm-none-eabi/14.2.1/../../../../arm-none-eabi/lib/thumb/v6-m/nofp\libcr_c.a(_cr_sbrk.o)
                              C:/nxp/MCUXpressoIDE_25.6.136/ide/plugins/com.nxp.mcuxpresso.tools.win32_25.6.0.202501151204/tools/bin/../lib/gcc/arm-none-eabi/14.2.1/../../../../arm-none-eabi/lib/thumb/v6-m/nofp\libcr_c.a(alloc.o) (_sbrk)
C:/nxp/MCUXpressoIDE_25.6.136/ide/plugins/com.nxp.mcuxpresso.tools.win32_25.6.0.202501151204/tools/bin/../lib/gcc/arm-none-eabi/14.2.1/../../../../arm-none-eabi/lib/thumb/v6-m/nofp\libcr_c.a(_deferredlazyseek.o)
[...]
Memory Configuration

Name             Origin             Length             Attributes
PROGRAM_FLASH    0x00000000         0x00040000         xr
SRAM             0x1fffe000         0x00008000         xrw
*default*        0x00000000         0xffffffff

Linker script and memory map

LOAD ./utilities/str/fsl_str.o
LOAD ./utilities/debug_console/fsl_debug_console.o
LOAD ./utilities/fsl_assert.o
LOAD ./startup/startup_mcxc444.o
LOAD ./source/SD2_board.o
LOAD ./source/main.o
LOAD ./source/mcp2515.o
LOAD ./source/mtb.o
LOAD ./source/semihost_hardfault.o
LOAD ./source/spi_can.o
LOAD ./drivers/fsl_clock.o
LOAD ./drivers/fsl_common.o
LOAD ./drivers/fsl_common_arm.o
LOAD ./drivers/fsl_gpio.o
LOAD ./drivers/fsl_lpuart.o
LOAD ./drivers/fsl_smc.o
LOAD ./drivers/fsl_spi.o
LOAD ./device/system_MCXC444.o
LOAD ./component/uart/fsl_adapter_lpuart.o
LOAD ./component/serial_manager/fsl_component_serial_manager.o
LOAD ./component/serial_manager/fsl_component_serial_port_uart.o
LOAD ./component/lists/fsl_component_generic_list.o
LOAD ./board/board.o
LOAD ./board/clock_config.o
LOAD ./board/peripherals.o
LOAD ./board/pin_mux.o
START GROUP
LOAD C:/nxp/MCUXpressoIDE_25.6.136/ide/plugins/com.nxp.mcuxpresso.tools.win32_25.6.0.202501151204/tools/bin/../lib/gcc/arm-none-eabi/14.2.1/../../../../arm-none-eabi/lib/thumb/v6-m/nofp\libcr_nohost_nf.a
LOAD C:/nxp/MCUXpressoIDE_25.6.136/ide/plugins/com.nxp.mcuxpresso.tools.win32_25.6.0.202501151204/tools/bin/../lib/gcc/arm-none-eabi/14.2.1/../../../../arm-none-eabi/lib/thumb/v6-m/nofp\libcr_c.a
LOAD C:/nxp/MCUXpressoIDE_25.6.136/ide/plugins/com.nxp.mcuxpresso.tools.win32_25.6.0.202501151204/tools/bin/../lib/gcc/arm-none-eabi/14.2.1/thumb/v6-m/nofp\libcr_eabihelpers.a
LOAD C:/nxp/MCUXpressoIDE_25.6.136/ide/plugins/com.nxp.mcuxpresso.tools.win32_25.6.0.202501151204/tools/bin/../lib/gcc/arm-none-eabi/14.2.1/thumb/v6-m/nofp\libgcc.a
END GROUP
                0x00000000                        __base_PROGRAM_FLASH = 0x0
                0x00000000                        __base_Flash = 0x0
                0x00040000                        __top_PROGRAM_FLASH = 0x40000
                0x00040000                        __top_Flash = 0x40000
                0x1fffe000                        __base_SRAM = 0x1fffe000
                0x1fffe000                        __base_RAM = 0x1fffe000
                0x20006000                        __top_SRAM = 0x20006000
                0x20006000                        __top_RAM = 0x20006000

.text           0x00000000     0x5120
 FILL mask 0xff
                0x00000000                        __vectors_start__ = ABSOLUTE (.)
 *(SORT_BY_ALIGNMENT(.isr_vector))
 .isr_vector    0x00000000       0xc0 ./startup/startup_mcxc444.o
                0x00000000                g_pfnVectors
                0x00000000                __Vectors
                0x000000c0                        . = ALIGN (0x4)
                0x000000c0                        __section_table_start = .
                0x000000c0                        __data_section_table = .
                0x000000c0        0x4 LONG 0x5120 LOADADDR (.data)
                0x000000c4        0x4 LONG 0x1fffe080 ADDR (.data)
                0x000000c8        0x4 LONG 0x8 SIZEOF (.data)
                0x000000cc                        __data_section_table_end = .
                0x000000cc                        __bss_section_table = .
                0x000000cc        0x4 LONG 0x1fffe088 ADDR (.bss)
                0x000000d0        0x4 LONG 0x154 SIZEOF (.bss)
                0x000000d4                        __bss_section_table_end = .
                0x000000d4                        __section_table_end = .
 *(SORT_BY_ALIGNMENT(.after_vectors*))
 .after_vectors.reset
                0x000000d4       0x4c ./startup/startup_mcxc444.o
                0x000000d4                ResetISR
 .after_vectors.init_data
                0x00000120       0x12 ./startup/startup_mcxc444.o
                0x00000120                data_init
 .after_vectors.init_bss
                0x00000132       0x10 ./startup/startup_mcxc444.o
                0x00000132                bss_init
 .after_vectors
                0x00000142      0x10c ./startup/startup_mcxc444.o
                0x00000142                NMI_Handler
                0x00000146                SVC_Handler
                0x00000148                PendSV_Handler
                0x0000014c                PIT_DriverIRQHandler
                0x0000014c                LPTMR0_DriverIRQHandler
                0x0000014c                PORTC_PORTD_DriverIRQHandler
                0x0000014c                DMA0_DriverIRQHandler
                0x0000014c                Reserved42_DriverIRQHandler
                0x0000014c                I2C0_DriverIRQHandler
                0x0000014c                Reserved43_DriverIRQHandler
                0x0000014c                DMA2_DriverIRQHandler
                0x0000014c                I2S0_DriverIRQHandler
                0x0000014c                CMP0_DriverIRQHandler
                0x0000014c                TPM2_DriverIRQHandler
                0x0000014c                ADC0_DriverIRQHandler
                0x0000014c                I2C1_DriverIRQHandler
                0x0000014c                DMA1_DriverIRQHandler
                0x0000014c                RTC_Seconds_DriverIRQHandler
                0x0000014c                LLWU_DriverIRQHandler
                0x0000014c                PMC_DriverIRQHandler
                0x0000014c                LCD_DriverIRQHandler
                0x0000014c                RTC_DriverIRQHandler
                0x0000014c                FTFA_DriverIRQHandler
                0x0000014c                IntDefaultHandler
                0x0000014c                USB0_DriverIRQHandler
                0x0000014c                DAC0_DriverIRQHandler
                0x0000014c                TPM0_DriverIRQHandler
                0x0000014c                TPM1_DriverIRQHandler
                0x0000014c                PORTA_DriverIRQHandler
                0x0000014c                UART2_FLEXIO_DriverIRQHandler
                0x0000014c                DMA3_DriverIRQHandler
                0x0000014c                Reserved20_DriverIRQHandler
                0x0000014e                DMA0_IRQHandler
                0x00000156                DMA1_IRQHandler
                0x0000015e                DMA2_IRQHandler
                0x00000166                DMA3_IRQHandler
                0x0000016e                Reserved20_IRQHandler
                0x00000176                FTFA_IRQHandler
                0x0000017e                PMC_IRQHandler
                0x00000186                LLWU_IRQHandler
                0x0000018e                I2C0_IRQHandler
                0x00000196                I2C1_IRQHandler
                0x0000019e                SPI0_IRQHandler
                0x000001a6                SPI1_IRQHandler
                0x000001ae                LPUART0_IRQHandler
                0x000001b6                LPUART1_IRQHandler
                0x000001be                UART2_FLEXIO_IRQHandler
                0x000001c6                ADC0_IRQHandler
                0x000001ce                CMP0_IRQHandler
                0x000001d6                TPM0_IRQHandler
                0x000001de                TPM1_IRQHandler
                0x000001e6                TPM2_IRQHandler
                0x000001ee                RTC_IRQHandler
                0x000001f6                RTC_Seconds_IRQHandler
                0x000001fe                PIT_IRQHandler
                0x00000206                I2S0_IRQHandler
                0x0000020e                USB0_IRQHandler
                0x00000216                DAC0_IRQHandler
                0x0000021e                Reserved42_IRQHandler
                0x00000226                Reserved43_IRQHandler
                0x0000022e                LPTMR0_IRQHandler
                0x00000236                LCD_IRQHandler
                0x0000023e                PORTA_IRQHandler
                0x00000246                PORTC_PORTD_IRQHandler
                0x00000400                        . = 0x400
 *fill*         0x0000024e      0x1b2 ff
                0x00000400                        PROVIDE (__FLASH_CONFIG_START__ = .)
 *(SORT_BY_ALIGNMENT(.FlashConfig))
 .FlashConfig   0x00000400       0x10 ./startup/startup_mcxc444.o
                0x00000400                Flash_Config
                0x00000410                        PROVIDE (__FLASH_CONFIG_END__ = .)
                0x00000001                        ASSERT (! ((__FLASH_CONFIG_START__ == __FLASH_CONFIG_END__)), Linker Flash Config Support Enabled, but no .FlashConfig section provided within application)
 *(SORT_BY_ALIGNMENT(.text*))
 .text.DbgConsole_SendDataReliable
                0x00000410       0x5c ./utilities/debug_console/fsl_debug_console.o
                0x00000410                DbgConsole_SendDataReliable
 .text.DbgConsole_Init
                0x0000046c      0x1a4 ./utilities/debug_console/fsl_debug_console.o
                0x0000046c                DbgConsole_Init
 .text.DbgConsole_Vprintf
                0x00000610       0x70 ./utilities/debug_console/fsl_debug_console.o
                0x00000610                DbgConsole_Vprintf
 .text.__assertion_failed
                0x00000680       0x34 ./utilities/fsl_assert.o
                0x00000680                __assertion_failed
 .text.CLOCK_EnableClock
                0x000006b4       0x34 ./source/SD2_board.o
 .text.PORT_SetPinConfig
                0x000006e8       0x38 ./source/SD2_board.o
 .text.board_init
                0x00000720      0x22c ./source/SD2_board.o
                0x00000720                board_init
 .text.board_configSPI0
                0x0000094c       0xa0 ./source/SD2_board.o
                0x0000094c                board_configSPI0
 .text.board_SPISend
                0x000009ec       0x38 ./source/SD2_board.o
                0x000009ec                board_SPISend
 .text.board_SPIReceive
                0x00000a24       0x38 ./source/SD2_board.o
                0x00000a24                board_SPIReceive
 .text.board_initSPI_CS
                0x00000a5c       0x5c ./source/SD2_board.o
                0x00000a5c                board_initSPI_CS
 .text.board_spi_cs_high
                0x00000ab8       0x1c ./source/SD2_board.o
                0x00000ab8                board_spi_cs_high
 .text.board_spi_cs_low
                0x00000ad4       0x1c ./source/SD2_board.o
                0x00000ad4                board_spi_cs_low
 .text.__NVIC_SetPriority
                0x00000af0       0xdc ./source/main.o
 .text.SysTick_Config
                0x00000bcc       0x48 ./source/main.o
 .text.main     0x00000c14       0xc0 ./source/main.o
                0x00000c14                main
 .text.SysTick_Handler
                0x00000cd4       0x24 ./source/main.o
                0x00000cd4                SysTick_Handler
 .text.mcp2515_reset
                0x00000cf8      0x2d4 ./source/mcp2515.o
                0x00000cf8                mcp2515_reset
 .text.mcp2515_setBitrate
                0x00000fcc      0x590 ./source/mcp2515.o
                0x00000fcc                mcp2515_setBitrate
 .text.mcp2515_setFilter
                0x0000155c       0xd8 ./source/mcp2515.o
                0x0000155c                mcp2515_setFilter
 .text.mcp2515_readMessageWithBufferId
                0x00001634      0x1d8 ./source/mcp2515.o
                0x00001634                mcp2515_readMessageWithBufferId
 .text.HardFault_Handler
                0x0000180c       0x38 ./source/semihost_hardfault.o
                0x0000180c                HardFault_Handler
 .text.CLOCK_SetEr32kClock
                0x00001844       0x34 ./drivers/fsl_clock.o
 .text.CLOCK_GetLircClkFreq
                0x00001878       0x50 ./drivers/fsl_clock.o
 .text.CLOCK_GetOsc0ErClkFreq
                0x000018c8       0x44 ./drivers/fsl_clock.o
                0x000018c8                CLOCK_GetOsc0ErClkFreq
 .text.CLOCK_GetEr32kClkFreq
                0x0000190c       0x78 ./drivers/fsl_clock.o
                0x0000190c                CLOCK_GetEr32kClkFreq
 .text.CLOCK_GetCoreSysClkFreq
                0x00001984       0x2c ./drivers/fsl_clock.o
                0x00001984                CLOCK_GetCoreSysClkFreq
 .text.CLOCK_GetFreq
                0x000019b0       0xc0 ./drivers/fsl_clock.o
                0x000019b0                CLOCK_GetFreq
 .text.CLOCK_SetSimConfig
                0x00001a70       0x2c ./drivers/fsl_clock.o
                0x00001a70                CLOCK_SetSimConfig
 .text.CLOCK_GetInternalRefClkFreq
                0x00001a9c       0x48 ./drivers/fsl_clock.o
                0x00001a9c                CLOCK_GetInternalRefClkFreq
 .text.CLOCK_GetPeriphClkFreq
                0x00001ae4       0x3c ./drivers/fsl_clock.o
                0x00001ae4                CLOCK_GetPeriphClkFreq
 .text.CLOCK_GetOutClkFreq
                0x00001b20       0x7c ./drivers/fsl_clock.o
                0x00001b20                CLOCK_GetOutClkFreq
 .text.CLOCK_SetMcgliteConfig
                0x00001b9c      0x110 ./drivers/fsl_clock.o
                0x00001b9c                CLOCK_SetMcgliteConfig
 .text.GPIO_PinInit
                0x00001cac       0x70 ./drivers/fsl_gpio.o
                0x00001cac                GPIO_PinInit
 .text.CLOCK_EnableClock
                0x00001d1c       0x34 ./drivers/fsl_lpuart.o
 .text.LPUART_GetInstance
                0x00001d50       0x4c ./drivers/fsl_lpuart.o
                0x00001d50                LPUART_GetInstance
 .text.LPUART_Init
                0x00001d9c      0x2e8 ./drivers/fsl_lpuart.o
                0x00001d9c                LPUART_Init
 .text.LPUART_GetDefaultConfig
                0x00002084       0x6c ./drivers/fsl_lpuart.o
                0x00002084                LPUART_GetDefaultConfig
 .text.LPUART_WriteBlocking
                0x000020f0       0x6c ./drivers/fsl_lpuart.o
                0x000020f0                LPUART_WriteBlocking
 .text.LPUART0_DriverIRQHandler
                0x0000215c       0x24 ./drivers/fsl_lpuart.o
                0x0000215c                LPUART0_DriverIRQHandler
 .text.LPUART1_DriverIRQHandler
                0x00002180       0x24 ./drivers/fsl_lpuart.o
                0x00002180                LPUART1_DriverIRQHandler
 .text.__NVIC_EnableIRQ
                0x000021a4       0x34 ./drivers/fsl_spi.o
 .text.CLOCK_EnableClock
                0x000021d8       0x34 ./drivers/fsl_spi.o
 .text.SPI_GetInstance
                0x0000220c       0x4c ./drivers/fsl_spi.o
                0x0000220c                SPI_GetInstance
 .text.SPI_SetDummyData
                0x00002258       0x34 ./drivers/fsl_spi.o
                0x00002258                SPI_SetDummyData
 .text.SPI_WriteNonBlocking
                0x0000228c       0xa8 ./drivers/fsl_spi.o
 .text.SPI_GetWatermark
                0x00002334       0xa0 ./drivers/fsl_spi.o
 .text.SPI_MasterGetDefaultConfig
                0x000023d4       0x64 ./drivers/fsl_spi.o
                0x000023d4                SPI_MasterGetDefaultConfig
 .text.SPI_MasterInit
                0x00002438      0x164 ./drivers/fsl_spi.o
                0x00002438                SPI_MasterInit
 .text.SPI_GetStatusFlags
                0x0000259c       0x34 ./drivers/fsl_spi.o
                0x0000259c                SPI_GetStatusFlags
 .text.SPI_EnableInterrupts
                0x000025d0       0x9c ./drivers/fsl_spi.o
                0x000025d0                SPI_EnableInterrupts
 .text.SPI_DisableInterrupts
                0x0000266c       0x98 ./drivers/fsl_spi.o
                0x0000266c                SPI_DisableInterrupts
 .text.SPI_MasterTransferBlocking
                0x00002704      0x100 ./drivers/fsl_spi.o
                0x00002704                SPI_MasterTransferBlocking
 .text.SPI_MasterTransferCreateHandle
                0x00002804       0xa4 ./drivers/fsl_spi.o
                0x00002804                SPI_MasterTransferCreateHandle
 .text.SPI_MasterTransferAbort
                0x000028a8       0x60 ./drivers/fsl_spi.o
                0x000028a8                SPI_MasterTransferAbort
 .text.SPI_MasterTransferHandleIRQ
                0x00002908       0xc4 ./drivers/fsl_spi.o
                0x00002908                SPI_MasterTransferHandleIRQ
 .text.SPI_CommonIRQHandler
                0x000029cc       0x54 ./drivers/fsl_spi.o
 .text.SPI0_DriverIRQHandler
                0x00002a20       0x30 ./drivers/fsl_spi.o
                0x00002a20                SPI0_DriverIRQHandler
 .text.SPI1_DriverIRQHandler
                0x00002a50       0x30 ./drivers/fsl_spi.o
                0x00002a50                SPI1_DriverIRQHandler
 .text.SystemInit
                0x00002a80       0x40 ./device/system_MCXC444.o
                0x00002a80                SystemInit
 .text.HAL_UartGetStatus
                0x00002ac0       0x34 ./component/uart/fsl_adapter_lpuart.o
 .text.HAL_UartInitCommon
                0x00002af4       0xa0 ./component/uart/fsl_adapter_lpuart.o
 .text.HAL_UartInit
                0x00002b94       0x98 ./component/uart/fsl_adapter_lpuart.o
                0x00002b94                HAL_UartInit
 .text.HAL_UartSendBlocking
                0x00002c2c       0x6c ./component/uart/fsl_adapter_lpuart.o
                0x00002c2c                HAL_UartSendBlocking
 .text.SerialManager_StartWriting
                0x00002c98       0x44 ./component/serial_manager/fsl_component_serial_manager.o
 .text.SerialManager_Init
                0x00002cdc       0x70 ./component/serial_manager/fsl_component_serial_manager.o
                0x00002cdc                SerialManager_Init
 .text.SerialManager_OpenReadHandle
                0x00002d4c       0x74 ./component/serial_manager/fsl_component_serial_manager.o
                0x00002d4c                SerialManager_OpenReadHandle
 .text.CLOCK_SetLpuart0Clock
                0x00002dc0       0x38 ./board/board.o
 .text.CLOCK_SetSimSafeDivs
                0x00002df8       0x20 ./board/clock_config.o
 .text.BOARD_BootClockRUN
                0x00002e18       0x34 ./board/clock_config.o
                0x00002e18                BOARD_BootClockRUN
 .text.CLOCK_EnableClock
                0x00002e4c       0x34 ./board/pin_mux.o
 .text.PORT_SetPinMux
                0x00002e80       0x40 ./board/pin_mux.o
 .text.BOARD_InitPins
                0x00002ec0       0x4c ./board/pin_mux.o
                0x00002ec0                BOARD_InitPins
 .text._initio  0x00002f0c       0x7c C:/nxp/MCUXpressoIDE_25.6.136/ide/plugins/com.nxp.mcuxpresso.tools.win32_25.6.0.202501151204/tools/bin/../lib/gcc/arm-none-eabi/14.2.1/../../../../arm-none-eabi/lib/thumb/v6-m/nofp\libcr_c.a(initio.o)
                0x00002f0c                _initio
 .text.setvbuf  0x00002f88       0x4c C:/nxp/MCUXpressoIDE_25.6.136/ide/plugins/com.nxp.mcuxpresso.tools.win32_25.6.0.202501151204/tools/bin/../lib/gcc/arm-none-eabi/14.2.1/../../../../arm-none-eabi/lib/thumb/v6-m/nofp\libcr_c.a(setvbuf.o)
                0x00002f88                setvbuf
 .text.strlen   0x00002fd4       0x5c C:/nxp/MCUXpressoIDE_25.6.136/ide/plugins/com.nxp.mcuxpresso.tools.win32_25.6.0.202501151204/tools/bin/../lib/gcc/arm-none-eabi/14.2.1/../../../../arm-none-eabi/lib/thumb/v6-m/nofp\libcr_c.a(strlen.o)
                0x00002fd4                strlen
 .text._deferredlazyseek
                0x00003030       0x44 C:/nxp/MCUXpressoIDE_25.6.136/ide/plugins/com.nxp.mcuxpresso.tools.win32_25.6.0.202501151204/tools/bin/../lib/gcc/arm-none-eabi/14.2.1/../../../../arm-none-eabi/lib/thumb/v6-m/nofp\libcr_c.a(_deferredlazyseek.o)
                0x00003030                _deferredlazyseek
 .text._fdopen  0x00003074       0x74 C:/nxp/MCUXpressoIDE_25.6.136/ide/plugins/com.nxp.mcuxpresso.tools.win32_25.6.0.202501151204/tools/bin/../lib/gcc/arm-none-eabi/14.2.1/../../../../arm-none-eabi/lib/thumb/v6-m/nofp\libcr_c.a(_fdopen.o)
                0x00003074                _fdopen
 .text._fflush  0x000030e8       0x5c C:/nxp/MCUXpressoIDE_25.6.136/ide/plugins/com.nxp.mcuxpresso.tools.win32_25.6.0.202501151204/tools/bin/../lib/gcc/arm-none-eabi/14.2.1/../../../../arm-none-eabi/lib/thumb/v6-m/nofp\libcr_c.a(_fflush.o)
                0x000030e8                _fflush
 .text._Cwritebuf
                0x00003144       0x68 C:/nxp/MCUXpressoIDE_25.6.136/ide/plugins/com.nxp.mcuxpresso.tools.win32_25.6.0.202501151204/tools/bin/../lib/gcc/arm-none-eabi/14.2.1/../../../../arm-none-eabi/lib/thumb/v6-m/nofp\libcr_c.a(_writebuf.o)
                0x00003144                _Cwritebuf
 .text.fclose   0x000031ac       0x5c C:/nxp/MCUXpressoIDE_25.6.136/ide/plugins/com.nxp.mcuxpresso.tools.win32_25.6.0.202501151204/tools/bin/../lib/gcc/arm-none-eabi/14.2.1/../../../../arm-none-eabi/lib/thumb/v6-m/nofp\libcr_c.a(fclose.o)
                0x000031ac                fclose
 .text.fflush   0x00003208       0x40 C:/nxp/MCUXpressoIDE_25.6.136/ide/plugins/com.nxp.mcuxpresso.tools.win32_25.6.0.202501151204/tools/bin/../lib/gcc/arm-none-eabi/14.2.1/../../../../arm-none-eabi/lib/thumb/v6-m/nofp\libcr_c.a(fflush.o)
                0x00003208                fflush
 .text.fseek    0x00003248       0xec C:/nxp/MCUXpressoIDE_25.6.136/ide/plugins/com.nxp.mcuxpresso.tools.win32_25.6.0.202501151204/tools/bin/../lib/gcc/arm-none-eabi/14.2.1/../../../../arm-none-eabi/lib/thumb/v6-m/nofp\libcr_c.a(fseek.o)
                0x00003248                fseek
 .text.ftell    0x00003334       0x4c C:/nxp/MCUXpressoIDE_25.6.136/ide/plugins/com.nxp.mcuxpresso.tools.win32_25.6.0.202501151204/tools/bin/../lib/gcc/arm-none-eabi/14.2.1/../../../../arm-none-eabi/lib/thumb/v6-m/nofp\libcr_c.a(ftell.o)
                0x00003334                ftell
 .text._do_fflush
                0x00003380       0x48 C:/nxp/MCUXpressoIDE_25.6.136/ide/plugins/com.nxp.mcuxpresso.tools.win32_25.6.0.202501151204/tools/bin/../lib/gcc/arm-none-eabi/14.2.1/../../../../arm-none-eabi/lib/thumb/v6-m/nofp\libcr_c.a(_do_fflush.o)
                0x00003380                _do_fflush
 .text.PrintGetWidth
                0x000033c8       0x7c ./utilities/str/fsl_str.o
 .text.PrintGetPrecision
                0x00003444       0xa0 ./utilities/str/fsl_str.o
 .text.PrintIsobpu
                0x000034e4       0x3e ./utilities/str/fsl_str.o
 .text.PrintIsdi
                0x00003522       0x2e ./utilities/str/fsl_str.o
 .text.PrintOutputdifFobpu
                0x00003550       0x48 ./utilities/str/fsl_str.o
 .text.PrintOutputxX
                0x00003598       0x48 ./utilities/str/fsl_str.o
 .text.PrintIsfF
                0x000035e0       0x2e ./utilities/str/fsl_str.o
 .text.PrintIsxX
                0x0000360e       0x2e ./utilities/str/fsl_str.o
 .text.PrintFilterLengthFlag
                0x0000363c       0x44 ./utilities/str/fsl_str.o
 .text.PrintGetRadixFromobpu
                0x00003680       0x58 ./utilities/str/fsl_str.o
 .text.ConvertRadixNumToString
                0x000036d8       0xc0 ./utilities/str/fsl_str.o
 .text.StrFormatExaminedi
                0x00003798       0x22 ./utilities/str/fsl_str.o
 .text.StrFormatExaminexX
                0x000037ba       0x22 ./utilities/str/fsl_str.o
 .text.StrFormatExamineobpu
                0x000037dc       0x22 ./utilities/str/fsl_str.o
 .text.ConvertPrecisionWidthToLength
                0x000037fe       0x22 ./utilities/str/fsl_str.o
 .text.StrFormatPrintf
                0x00003820      0x2d6 ./utilities/str/fsl_str.o
                0x00003820                StrFormatPrintf
 .text.DbgConsole_PrintCallback
                0x00003af6       0x6c ./utilities/debug_console/fsl_debug_console.o
 .text.DbgConsole_Printf
                0x00003b62       0x32 ./utilities/debug_console/fsl_debug_console.o
                0x00003b62                DbgConsole_Printf
 .text.fsl_assert_hook
                0x00003b94       0x16 ./utilities/fsl_assert.o
                0x00003b94                fsl_assert_hook
 .text.GPIO_PinWrite
                0x00003baa       0x34 ./source/SD2_board.o
 .text.delay_ms
                0x00003bde       0x48 ./source/mcp2515.o
 .text.mcp2515_init
                0x00003c26        0xe ./source/mcp2515.o
                0x00003c26                mcp2515_init
 .text.startSPI
                0x00003c34        0xe ./source/mcp2515.o
 .text.endSPI   0x00003c42        0xe ./source/mcp2515.o
 .text.mcp2515_readRegister
                0x00003c50       0x78 ./source/mcp2515.o
 .text.mcp2515_readRegisters
                0x00003cc8       0x7c ./source/mcp2515.o
 .text.mcp2515_setRegister
                0x00003d44       0x7a ./source/mcp2515.o
 .text.mcp2515_setRegisters
                0x00003dbe       0x86 ./source/mcp2515.o
 .text.mcp2515_modifyRegister
                0x00003e44       0x98 ./source/mcp2515.o
 .text.mcp2515_getStatus
                0x00003edc       0x3e ./source/mcp2515.o
                0x00003edc                mcp2515_getStatus
 .text.mcp2515_setConfigMode
                0x00003f1a       0x30 ./source/mcp2515.o
                0x00003f1a                mcp2515_setConfigMode
 .text.mcp2515_setNormalMode
                0x00003f4a       0x28 ./source/mcp2515.o
                0x00003f4a                mcp2515_setNormalMode
 .text.mcp2515_setMode
                0x00003f72       0xe0 ./source/mcp2515.o
 .text.mcp2515_prepareId
                0x00004052      0x106 ./source/mcp2515.o
 .text.mcp2515_setFilterMask
                0x00004158       0x88 ./source/mcp2515.o
                0x00004158                mcp2515_setFilterMask
 .text.mcp2515_readMessage
                0x000041e0       0x68 ./source/mcp2515.o
                0x000041e0                mcp2515_readMessage
 .text.spi_init
                0x00004248       0x12 ./source/spi_can.o
                0x00004248                spi_init
 .text.spi_write
                0x0000425a       0x2a ./source/spi_can.o
                0x0000425a                spi_write
 .text.spi_receive
                0x00004284       0x2a ./source/spi_can.o
                0x00004284                spi_receive
 .text.spi_cs_high
                0x000042ae        0xe ./source/spi_can.o
                0x000042ae                spi_cs_high
 .text.spi_cs_low
                0x000042bc        0xe ./source/spi_can.o
                0x000042bc                spi_cs_low
 .text.GPIO_PinWrite
                0x000042ca       0x34 ./drivers/fsl_gpio.o
 .text.GPIO_PortClockEnable
                0x000042fe       0x16 ./drivers/fsl_gpio.o
 .text.EnableIRQ
                0x00004314       0x36 ./drivers/fsl_spi.o
 .text.SPI_ReadNonBlocking
                0x0000434a       0x88 ./drivers/fsl_spi.o
 .text.SPI_SendTransfer
                0x000043d2      0x126 ./drivers/fsl_spi.o
 .text.SPI_ReceiveTransfer
                0x000044f8       0xc2 ./drivers/fsl_spi.o
 .text.SPI_MasterSetBaudRate
                0x000045ba       0xc0 ./drivers/fsl_spi.o
                0x000045ba                SPI_MasterSetBaudRate
 .text.SPI_ReadData
                0x0000467a       0x3a ./drivers/fsl_spi.o
                0x0000467a                SPI_ReadData
 .text.SystemInitHook
                0x000046b4        0xa ./device/system_MCXC444.o
                0x000046b4                SystemInitHook
 .text.DisableGlobalIRQ
                0x000046be       0x1e ./component/serial_manager/fsl_component_serial_manager.o
 .text.EnableGlobalIRQ
                0x000046dc       0x1c ./component/serial_manager/fsl_component_serial_manager.o
 .text.SerialManager_Write
                0x000046f8       0x44 ./component/serial_manager/fsl_component_serial_manager.o
 .text.SerialManager_OpenWriteHandle
                0x0000473c       0x56 ./component/serial_manager/fsl_component_serial_manager.o
                0x0000473c                SerialManager_OpenWriteHandle
 .text.SerialManager_WriteBlocking
                0x00004792       0x22 ./component/serial_manager/fsl_component_serial_manager.o
                0x00004792                SerialManager_WriteBlocking
 .text.Serial_UartInit
                0x000047b4       0x4e ./component/serial_manager/fsl_component_serial_port_uart.o
                0x000047b4                Serial_UartInit
 .text.Serial_UartWrite
                0x00004802       0x38 ./component/serial_manager/fsl_component_serial_port_uart.o
                0x00004802                Serial_UartWrite
 .text.BOARD_InitDebugConsole
                0x0000483a       0x2c ./board/board.o
                0x0000483a                BOARD_InitDebugConsole
 .text.__main   0x00004866        0xc C:/nxp/MCUXpressoIDE_25.6.136/ide/plugins/com.nxp.mcuxpresso.tools.win32_25.6.0.202501151204/tools/bin/../lib/gcc/arm-none-eabi/14.2.1/../../../../arm-none-eabi/lib/thumb/v6-m/nofp\libcr_nohost_nf.a(_cr__main.o)
                0x00004866                __main
 .text.memcpy   0x00004872        0x8 C:/nxp/MCUXpressoIDE_25.6.136/ide/plugins/com.nxp.mcuxpresso.tools.win32_25.6.0.202501151204/tools/bin/../lib/gcc/arm-none-eabi/14.2.1/../../../../arm-none-eabi/lib/thumb/v6-m/nofp\libcr_c.a(memcpy.o)
                0x00004872                memcpy
 .text.memset   0x0000487a        0x8 C:/nxp/MCUXpressoIDE_25.6.136/ide/plugins/com.nxp.mcuxpresso.tools.win32_25.6.0.202501151204/tools/bin/../lib/gcc/arm-none-eabi/14.2.1/../../../../arm-none-eabi/lib/thumb/v6-m/nofp\libcr_c.a(memset.o)
                0x0000487a                memset
 .text.free     0x00004882       0x2c C:/nxp/MCUXpressoIDE_25.6.136/ide/plugins/com.nxp.mcuxpresso.tools.win32_25.6.0.202501151204/tools/bin/../lib/gcc/arm-none-eabi/14.2.1/../../../../arm-none-eabi/lib/thumb/v6-m/nofp\libcr_c.a(alloc.o)
                0x00004882                free
 .text.remove   0x000048ae       0x12 C:/nxp/MCUXpressoIDE_25.6.136/ide/plugins/com.nxp.mcuxpresso.tools.win32_25.6.0.202501151204/tools/bin/../lib/gcc/arm-none-eabi/14.2.1/../../../../arm-none-eabi/lib/thumb/v6-m/nofp\libcr_c.a(remove.o)
                0x000048ae                remove
 .text.__aeabi_division_idivmod
                0x000048c0       0x78 C:/nxp/MCUXpressoIDE_25.6.136/ide/plugins/com.nxp.mcuxpresso.tools.win32_25.6.0.202501151204/tools/bin/../lib/gcc/arm-none-eabi/14.2.1/thumb/v6-m/nofp\libcr_eabihelpers.a(division_32.o)
                0x000048c0                __aeabi_idivmod
                0x000048c0                __aeabi_idiv
                0x000048c6                __aeabi_uidivmod
                0x000048c6                __aeabi_uidiv
 .text.__aeabi_division_idiv0
                0x00004938        0x2 C:/nxp/MCUXpressoIDE_25.6.136/ide/plugins/com.nxp.mcuxpresso.tools.win32_25.6.0.202501151204/tools/bin/../lib/gcc/arm-none-eabi/14.2.1/thumb/v6-m/nofp\libcr_eabihelpers.a(division_idiv0.o)
                0x00004938                __aeabi_idiv0
 .text.__aeabi_memcpy
                0x0000493a       0x2c C:/nxp/MCUXpressoIDE_25.6.136/ide/plugins/com.nxp.mcuxpresso.tools.win32_25.6.0.202501151204/tools/bin/../lib/gcc/arm-none-eabi/14.2.1/thumb/v6-m/nofp\libcr_eabihelpers.a(memcpy.o)
                0x0000493a                __aeabi_memcpy4
                0x0000493a                __aeabi_memcpy8
                0x0000493a                __aeabi_memcpy
 .text.__aeabi_memset_lowlevel
                0x00004966       0x2a C:/nxp/MCUXpressoIDE_25.6.136/ide/plugins/com.nxp.mcuxpresso.tools.win32_25.6.0.202501151204/tools/bin/../lib/gcc/arm-none-eabi/14.2.1/thumb/v6-m/nofp\libcr_eabihelpers.a(memcpy.o)
                0x00004966                __aeabi_lowlevel_memset
 .text.__sys_close
                0x00004990        0x6 C:/nxp/MCUXpressoIDE_25.6.136/ide/plugins/com.nxp.mcuxpresso.tools.win32_25.6.0.202501151204/tools/bin/../lib/gcc/arm-none-eabi/14.2.1/../../../../arm-none-eabi/lib/thumb/v6-m/nofp\libcr_nohost_nf.a(__sys_close.o)
                0x00004990                __sys_close
 .text.__sys_flen
                0x00004996        0x6 C:/nxp/MCUXpressoIDE_25.6.136/ide/plugins/com.nxp.mcuxpresso.tools.win32_25.6.0.202501151204/tools/bin/../lib/gcc/arm-none-eabi/14.2.1/../../../../arm-none-eabi/lib/thumb/v6-m/nofp\libcr_nohost_nf.a(__sys_flen.o)
                0x00004996                __sys_flen
 .text.__sys_istty
                0x0000499c        0x6 C:/nxp/MCUXpressoIDE_25.6.136/ide/plugins/com.nxp.mcuxpresso.tools.win32_25.6.0.202501151204/tools/bin/../lib/gcc/arm-none-eabi/14.2.1/../../../../arm-none-eabi/lib/thumb/v6-m/nofp\libcr_nohost_nf.a(__sys_istty.o)
                0x0000499c                __sys_istty
 .text.__sys_remove
                0x000049a2        0x6 C:/nxp/MCUXpressoIDE_25.6.136/ide/plugins/com.nxp.mcuxpresso.tools.win32_25.6.0.202501151204/tools/bin/../lib/gcc/arm-none-eabi/14.2.1/../../../../arm-none-eabi/lib/thumb/v6-m/nofp\libcr_nohost_nf.a(__sys_remove.o)
                0x000049a2                __sys_remove
 .text.__sys_seek
                0x000049a8        0x6 C:/nxp/MCUXpressoIDE_25.6.136/ide/plugins/com.nxp.mcuxpresso.tools.win32_25.6.0.202501151204/tools/bin/../lib/gcc/arm-none-eabi/14.2.1/../../../../arm-none-eabi/lib/thumb/v6-m/nofp\libcr_nohost_nf.a(__sys_seek.o)
                0x000049a8                __sys_seek
 .text.__sys_tmpnam
                0x000049ae        0x6 C:/nxp/MCUXpressoIDE_25.6.136/ide/plugins/com.nxp.mcuxpresso.tools.win32_25.6.0.202501151204/tools/bin/../lib/gcc/arm-none-eabi/14.2.1/../../../../arm-none-eabi/lib/thumb/v6-m/nofp\libcr_nohost_nf.a(__sys_tmpnam.o)
                0x000049ae                __sys_tmpnam
 .text.__sys_write
                0x000049b4        0x4 C:/nxp/MCUXpressoIDE_25.6.136/ide/plugins/com.nxp.mcuxpresso.tools.win32_25.6.0.202501151204/tools/bin/../lib/gcc/arm-none-eabi/14.2.1/../../../../arm-none-eabi/lib/thumb/v6-m/nofp\libcr_nohost_nf.a(__sys_write.o)
                0x000049b4                __sys_write
 *(SORT_BY_ALIGNMENT(.rodata) SORT_BY_ALIGNMENT(.rodata.*) SORT_BY_ALIGNMENT(.constdata) SORT_BY_ALIGNMENT(.constdata.*))
 .rodata.__assertion_failed.str1.4
                0x000049b8      0x583 ./utilities/fsl_assert.o
                                 0x14 (size before relaxing)
 .rodata.PORT_SetPinConfig.str1.4
                0x00004f3b       0x52 ./source/SD2_board.o
 *fill*         0x00004f3b        0x1 ff
 .rodata.board_gpioLeds
                0x00004f3c       0x24 ./source/SD2_board.o
 .rodata.board_gpioSw
                0x00004f60       0x18 ./source/SD2_board.o
 .rodata.board_gpioOled
                0x00004f78       0x18 ./source/SD2_board.o
 .rodata        0x00004f90        0x2 ./source/SD2_board.o
 .rodata.main.str1.4
                0x00004f92       0x62 ./source/main.o
 *fill*         0x00004f92        0x2 ff
 .rodata.RXB    0x00004f94        0x8 ./source/mcp2515.o
 .rodata        0x00004f9c       0x1f ./source/mcp2515.o
 *fill*         0x00004fbb        0x1 ff
 .rodata.mcp2515_setBitrate
                0x00004fbc       0xb0 ./source/mcp2515.o
 .rodata.mcp2515_setFilter
                0x0000506c       0x18 ./source/mcp2515.o
 .rodata.CLOCK_GetOsc0ErClkFreq.str1.4
                0x00005084       0x1e ./drivers/fsl_clock.o
 .rodata.CLOCK_GetEr32kClkFreq.str1.4
                0x00005084       0x1f ./drivers/fsl_clock.o
 .rodata.CLOCK_GetFreq
                0x00005084       0x50 ./drivers/fsl_clock.o
 .rodata.CLOCK_GetOutClkFreq.str1.4
                0x000050d4       0x1e ./drivers/fsl_clock.o
 .rodata.CLOCK_SetMcgliteConfig.str1.4
                0x000050d4       0x1f ./drivers/fsl_clock.o
 .rodata.lircFreqs.0
                0x000050d4        0x8 ./drivers/fsl_clock.o
 .rodata.GPIO_PinInit.str1.4
                0x000050dc       0x20 ./drivers/fsl_gpio.o
 .rodata.s_lpuartBases
                0x000050dc        0x8 ./drivers/fsl_lpuart.o
 .rodata.s_lpuartClock
                0x000050e4        0x8 ./drivers/fsl_lpuart.o
 .rodata.LPUART_GetInstance.str1.4
                0x000050ec       0x38 ./drivers/fsl_lpuart.o
 .rodata.LPUART_Init.str1.4
                0x000050ec       0xc8 ./drivers/fsl_lpuart.o
 .rodata.LPUART_GetDefaultConfig.str1.4
                0x000050ec       0x22 ./drivers/fsl_lpuart.o
 .rodata.LPUART_WriteBlocking.str1.4
                0x000050ec       0x21 ./drivers/fsl_lpuart.o
 .rodata.s_spiBases
                0x000050ec        0x8 ./drivers/fsl_spi.o
 .rodata.s_spiIRQ
                0x000050f4        0x2 ./drivers/fsl_spi.o
 *fill*         0x000050f6        0x2 ff
 .rodata.s_spiClock
                0x000050f8        0x8 ./drivers/fsl_spi.o
 .rodata.SPI_GetInstance.str1.4
                0x00005100       0x32 ./drivers/fsl_spi.o
 .rodata.SPI_MasterInit.str1.4
                0x00005100       0x38 ./drivers/fsl_spi.o
 .rodata.SPI_MasterTransferBlocking.str1.4
                0x00005100       0x1d ./drivers/fsl_spi.o
 .rodata.SPI_MasterTransferCreateHandle.str1.4
                0x00005100       0x20 ./drivers/fsl_spi.o
 .rodata.SPI_MasterTransferAbort.str1.4
                0x00005100       0x20 ./drivers/fsl_spi.o
 .rodata.SPI_MasterTransferHandleIRQ.str1.4
                0x00005100       0x20 ./drivers/fsl_spi.o
 .rodata.SPI0_DriverIRQHandler.str1.4
                0x00005100       0x28 ./drivers/fsl_spi.o
 .rodata.SPI1_DriverIRQHandler.str1.4
                0x00005100       0x28 ./drivers/fsl_spi.o
 .rodata.s_LpuartAdapterBase
                0x00005100        0x8 ./component/uart/fsl_adapter_lpuart.o
 .rodata.HAL_UartInit.str1.4
                0x00005108      0x116 ./component/uart/fsl_adapter_lpuart.o
 .rodata.HAL_UartSendBlocking.str1.4
                0x00005108       0x7b ./component/uart/fsl_adapter_lpuart.o
 .rodata.mcgliteConfig_BOARD_BootClockRUN
                0x00005108        0x6 ./board/clock_config.o
                0x00005108                mcgliteConfig_BOARD_BootClockRUN
 *fill*         0x0000510e        0x2 ff
 .rodata.simConfig_BOARD_BootClockRUN
                0x00005110        0x8 ./board/clock_config.o
                0x00005110                simConfig_BOARD_BootClockRUN
 .rodata.__num_Ciob_streams
                0x00005118        0x4 C:/nxp/MCUXpressoIDE_25.6.136/ide/plugins/com.nxp.mcuxpresso.tools.win32_25.6.0.202501151204/tools/bin/../lib/gcc/arm-none-eabi/14.2.1/../../../../arm-none-eabi/lib/thumb/v6-m/nofp\libcr_nohost_nf.a(__ciob.o)
                0x00005118                __num_Ciob_streams
 .rodata._initio.str1.1
                0x0000511c        0x4 C:/nxp/MCUXpressoIDE_25.6.136/ide/plugins/com.nxp.mcuxpresso.tools.win32_25.6.0.202501151204/tools/bin/../lib/gcc/arm-none-eabi/14.2.1/../../../../arm-none-eabi/lib/thumb/v6-m/nofp\libcr_c.a(initio.o)
                0x00005120                        . = ALIGN (0x4)

.glue_7         0x00005120        0x0
 .glue_7        0x00005120        0x0 linker stubs

.glue_7t        0x00005120        0x0
 .glue_7t       0x00005120        0x0 linker stubs

.vfp11_veneer   0x00005120        0x0
 .vfp11_veneer  0x00005120        0x0 linker stubs

.v4_bx          0x00005120        0x0
 .v4_bx         0x00005120        0x0 linker stubs

.iplt           0x00005120        0x0
 .iplt          0x00005120        0x0 ./utilities/str/fsl_str.o

.rel.dyn        0x00005120        0x0
 .rel.iplt      0x00005120        0x0 ./utilities/str/fsl_str.o

.ARM.extab
 *(SORT_BY_ALIGNMENT(.ARM.extab*) SORT_BY_ALIGNMENT(.gnu.linkonce.armextab.*))

.ARM.exidx      0x00005120        0x0
                0x00005120                        __exidx_start = .
 *(SORT_BY_ALIGNMENT(.ARM.exidx*) SORT_BY_ALIGNMENT(.gnu.linkonce.armexidx.*))
                0x00005120                        __exidx_end = .
                0x00005120                        _etext = .

.mtb_buffer_default
                0x1fffe000       0x80
 *(SORT_BY_ALIGNMENT(.mtb*))
 .mtb.$RAM1     0x1fffe000       0x80 ./source/mtb.o
                0x1fffe000                __mtb_buffer__

.uninit_RESERVED
                0x1fffe080        0x0
                0x1fffe080                        _start_uninit_RESERVED = .
 *(SORT_BY_ALIGNMENT(.bss.$RESERVED*))
                0x1fffe080                        . = ALIGN (0x4)
                0x1fffe080                        _end_uninit_RESERVED = .

.data           0x1fffe080        0x8 load address 0x00005120
 FILL mask 0xff
                0x1fffe080                        _data = .
                [!provide]                        PROVIDE (__start_data_RAM = .)
                [!provide]                        PROVIDE (__start_data_SRAM = .)
 *(SORT_BY_ALIGNMENT(vtable))
 *(SORT_BY_ALIGNMENT(.ramfunc*))
 *(SORT_BY_ALIGNMENT(CodeQuickAccess))
 *(SORT_BY_ALIGNMENT(DataQuickAccess))
 *(SORT_BY_ALIGNMENT(RamFunction))
 *(SORT_BY_ALIGNMENT(.data*))
 .data.SystemCoreClock
                0x1fffe080        0x4 ./device/system_MCXC444.o
                0x1fffe080                SystemCoreClock
 .data.msg_Timeout
                0x1fffe084        0x2 ./source/main.o
                0x1fffe084                msg_Timeout
                0x1fffe088                        . = ALIGN (0x4)
 *fill*         0x1fffe086        0x2 ff
                0x1fffe088                        _edata = .
                [!provide]                        PROVIDE (__end_data_RAM = .)
                [!provide]                        PROVIDE (__end_data_SRAM = .)

.igot.plt       0x1fffe088        0x0 load address 0x00005128
 .igot.plt      0x1fffe088        0x0 ./utilities/str/fsl_str.o

.bss            0x1fffe088      0x154
                0x1fffe088                        _bss = .
                [!provide]                        PROVIDE (__start_bss_RAM = .)
                [!provide]                        PROVIDE (__start_bss_SRAM = .)
 *(SORT_BY_ALIGNMENT(.bss*))
 .bss.canMsg    0x1fffe088       0x10 ./source/main.o
                0x1fffe088                canMsg
 .bss.canMsgRead
                0x1fffe098       0x10 ./source/main.o
                0x1fffe098                canMsgRead
 .bss.s_debugConsoleState
                0x1fffe0a8       0x24 ./utilities/debug_console/fsl_debug_console.o
 .bss.g_serialHandle
                0x1fffe0cc        0x4 ./utilities/debug_console/fsl_debug_console.o
                0x1fffe0cc                g_serialHandle
 .bss.handle    0x1fffe0d0       0x24 ./source/SD2_board.o
 .bss.g_xtal0Freq
                0x1fffe0f4        0x4 ./drivers/fsl_clock.o
                0x1fffe0f4                g_xtal0Freq
 .bss.g_xtal32Freq
                0x1fffe0f8        0x4 ./drivers/fsl_clock.o
                0x1fffe0f8                g_xtal32Freq
 .bss.s_lpuartHandle
                0x1fffe0fc        0x8 ./drivers/fsl_lpuart.o
                0x1fffe0fc                s_lpuartHandle
 .bss.s_lpuartIsr
                0x1fffe104        0x8 ./drivers/fsl_lpuart.o
                0x1fffe104                s_lpuartIsr
 .bss.s_spiHandle
                0x1fffe10c        0x8 ./drivers/fsl_spi.o
 .bss.s_spiMasterIsr
                0x1fffe114        0x4 ./drivers/fsl_spi.o
 .bss.s_spiSlaveIsr
                0x1fffe118        0x4 ./drivers/fsl_spi.o
 .bss.g_spiDummyData
                0x1fffe11c        0x2 ./drivers/fsl_spi.o
                0x1fffe11c                g_spiDummyData
 *fill*         0x1fffe11e        0x2 
 .bss.errno     0x1fffe120        0x4 C:/nxp/MCUXpressoIDE_25.6.136/ide/plugins/com.nxp.mcuxpresso.tools.win32_25.6.0.202501151204/tools/bin/../lib/gcc/arm-none-eabi/14.2.1/../../../../arm-none-eabi/lib/thumb/v6-m/nofp\libcr_c.a(errno.o)
                0x1fffe120                errno
 .bss.__Ciob    0x1fffe124       0xb4 C:/nxp/MCUXpressoIDE_25.6.136/ide/plugins/com.nxp.mcuxpresso.tools.win32_25.6.0.202501151204/tools/bin/../lib/gcc/arm-none-eabi/14.2.1/../../../../arm-none-eabi/lib/thumb/v6-m/nofp\libcr_nohost_nf.a(__ciob.o)
                0x1fffe124                __Ciob
 .bss.s_debugConsoleReadWaitSemaphore
                0x1fffe1d8        0x1 ./utilities/debug_console/fsl_debug_console.o
 *(SORT_BY_ALIGNMENT(COMMON))
                0x1fffe1dc                        . = ALIGN (0x4)
 *fill*         0x1fffe1d9        0x3 
                0x1fffe1dc                        _ebss = .
                [!provide]                        PROVIDE (__end_bss_RAM = .)
                [!provide]                        PROVIDE (__end_bss_SRAM = .)
                [!provide]                        PROVIDE (end = .)

.noinit         0x1fffe1dc        0x0
                0x1fffe1dc                        _noinit = .
                [!provide]                        PROVIDE (__start_noinit_RAM = .)
                [!provide]                        PROVIDE (__start_noinit_SRAM = .)
 *(SORT_BY_ALIGNMENT(.noinit*))
                0x1fffe1dc                        . = ALIGN (0x4)
                0x1fffe1dc                        _end_noinit = .
                [!provide]                        PROVIDE (__end_noinit_RAM = .)
                [!provide]                        PROVIDE (__end_noinit_SRAM = .)
                0x00000800                        _HeapSize = 0x800

.heap           0x1fffe1dc      0x800
                0x1fffe1dc                        _pvHeapStart = .
                0x1fffe9dc                        . = (. + _HeapSize)
 *fill*         0x1fffe1dc      0x800 
                0x1fffe9dc                        . = ALIGN (0x4)
                0x1fffe9dc                        _pvHeapLimit = .
                0x00000800                        _StackSize = 0x800

.heap2stackfill
                0x1fffe9dc      0x800
                0x1ffff1dc                        . = (. + _StackSize)
 *fill*         0x1fffe9dc      0x800 

.stack          0x20005800        0x0
                0x20005800                        _vStackBase = .
                0x20005800                        . = ALIGN (0x4)
                0x20006000                        _vStackTop = (. + _StackSize)
                0x00000000                        _image_start = LOADADDR (.text)
                0x00005128                        _image_end = (LOADADDR (.data) + SIZEOF (.data))
                0x00005128                        _image_size = (_image_end - _image_start)
OUTPUT(SD2_MCXC444_CAN.axf elf32-littlearm)
LOAD linker stubs

.debug_info     0x00000000    0x11764
 .debug_info    0x00000000      0xd5e ./utilities/str/fsl_str.o
 .debug_info    0x00000d5e      0xe5e ./utilities/debug_console/fsl_debug_console.o
 .debug_info    0x00001bbc      0x12e ./utilities/fsl_assert.o
 .debug_info    0x00001cea      0x686 ./startup/startup_mcxc444.o
 .debug_info    0x00002370     0x1322 ./source/SD2_board.o
 .debug_info    0x00003692      0xa27 ./source/main.o
 .debug_info    0x000040b9     0x1c71 ./source/mcp2515.o
 .debug_info    0x00005d2a       0x53 ./source/mtb.o
 .debug_info    0x00005d7d       0x3c ./source/semihost_hardfault.o
 .debug_info    0x00005db9      0x220 ./source/spi_can.o
 .debug_info    0x00005fd9     0x1397 ./drivers/fsl_clock.o
 .debug_info    0x00007370      0x98c ./drivers/fsl_gpio.o
 .debug_info    0x00007cfc     0x1f96 ./drivers/fsl_lpuart.o
 .debug_info    0x00009c92     0x191a ./drivers/fsl_spi.o
 .debug_info    0x0000b5ac      0x42a ./device/system_MCXC444.o
 .debug_info    0x0000b9d6      0xb2c ./component/uart/fsl_adapter_lpuart.o
 .debug_info    0x0000c502      0xddf ./component/serial_manager/fsl_component_serial_manager.o
 .debug_info    0x0000d2e1      0x551 ./component/serial_manager/fsl_component_serial_port_uart.o
 .debug_info    0x0000d832      0x40a ./board/board.o
 .debug_info    0x0000dc3c      0xaac ./board/clock_config.o
 .debug_info    0x0000e6e8      0x59c ./board/pin_mux.o
 .debug_info    0x0000ec84       0x85 C:/nxp/MCUXpressoIDE_25.6.136/ide/plugins/com.nxp.mcuxpresso.tools.win32_25.6.0.202501151204/tools/bin/../lib/gcc/arm-none-eabi/14.2.1/../../../../arm-none-eabi/lib/thumb/v6-m/nofp\libcr_nohost_nf.a(_cr__main.o)
 .debug_info    0x0000ed09      0x12b C:/nxp/MCUXpressoIDE_25.6.136/ide/plugins/com.nxp.mcuxpresso.tools.win32_25.6.0.202501151204/tools/bin/../lib/gcc/arm-none-eabi/14.2.1/../../../../arm-none-eabi/lib/thumb/v6-m/nofp\libcr_c.a(memcpy.o)
 .debug_info    0x0000ee34       0xfc C:/nxp/MCUXpressoIDE_25.6.136/ide/plugins/com.nxp.mcuxpresso.tools.win32_25.6.0.202501151204/tools/bin/../lib/gcc/arm-none-eabi/14.2.1/../../../../arm-none-eabi/lib/thumb/v6-m/nofp\libcr_c.a(memset.o)
 .debug_info    0x0000ef30      0x526 C:/nxp/MCUXpressoIDE_25.6.136/ide/plugins/com.nxp.mcuxpresso.tools.win32_25.6.0.202501151204/tools/bin/../lib/gcc/arm-none-eabi/14.2.1/../../../../arm-none-eabi/lib/thumb/v6-m/nofp\libcr_c.a(alloc.o)
 .debug_info    0x0000f456       0x44 C:/nxp/MCUXpressoIDE_25.6.136/ide/plugins/com.nxp.mcuxpresso.tools.win32_25.6.0.202501151204/tools/bin/../lib/gcc/arm-none-eabi/14.2.1/../../../../arm-none-eabi/lib/thumb/v6-m/nofp\libcr_c.a(errno.o)
 .debug_info    0x0000f49a      0x353 C:/nxp/MCUXpressoIDE_25.6.136/ide/plugins/com.nxp.mcuxpresso.tools.win32_25.6.0.202501151204/tools/bin/../lib/gcc/arm-none-eabi/14.2.1/../../../../arm-none-eabi/lib/thumb/v6-m/nofp\libcr_c.a(initio.o)
 .debug_info    0x0000f7ed      0x1fd C:/nxp/MCUXpressoIDE_25.6.136/ide/plugins/com.nxp.mcuxpresso.tools.win32_25.6.0.202501151204/tools/bin/../lib/gcc/arm-none-eabi/14.2.1/../../../../arm-none-eabi/lib/thumb/v6-m/nofp\libcr_c.a(setvbuf.o)
 .debug_info    0x0000f9ea       0xdd C:/nxp/MCUXpressoIDE_25.6.136/ide/plugins/com.nxp.mcuxpresso.tools.win32_25.6.0.202501151204/tools/bin/../lib/gcc/arm-none-eabi/14.2.1/../../../../arm-none-eabi/lib/thumb/v6-m/nofp\libcr_c.a(strlen.o)
 .debug_info    0x0000fac7      0x391 C:/nxp/MCUXpressoIDE_25.6.136/ide/plugins/com.nxp.mcuxpresso.tools.win32_25.6.0.202501151204/tools/bin/../lib/gcc/arm-none-eabi/14.2.1/../../../../arm-none-eabi/lib/thumb/v6-m/nofp\libcr_c.a(_deferredlazyseek.o)
 .debug_info    0x0000fe58      0x24b C:/nxp/MCUXpressoIDE_25.6.136/ide/plugins/com.nxp.mcuxpresso.tools.win32_25.6.0.202501151204/tools/bin/../lib/gcc/arm-none-eabi/14.2.1/../../../../arm-none-eabi/lib/thumb/v6-m/nofp\libcr_c.a(_fdopen.o)
 .debug_info    0x000100a3      0x1ea C:/nxp/MCUXpressoIDE_25.6.136/ide/plugins/com.nxp.mcuxpresso.tools.win32_25.6.0.202501151204/tools/bin/../lib/gcc/arm-none-eabi/14.2.1/../../../../arm-none-eabi/lib/thumb/v6-m/nofp\libcr_c.a(_fflush.o)
 .debug_info    0x0001028d      0x28a C:/nxp/MCUXpressoIDE_25.6.136/ide/plugins/com.nxp.mcuxpresso.tools.win32_25.6.0.202501151204/tools/bin/../lib/gcc/arm-none-eabi/14.2.1/../../../../arm-none-eabi/lib/thumb/v6-m/nofp\libcr_c.a(_writebuf.o)
 .debug_info    0x00010517      0x325 C:/nxp/MCUXpressoIDE_25.6.136/ide/plugins/com.nxp.mcuxpresso.tools.win32_25.6.0.202501151204/tools/bin/../lib/gcc/arm-none-eabi/14.2.1/../../../../arm-none-eabi/lib/thumb/v6-m/nofp\libcr_c.a(fclose.o)
 .debug_info    0x0001083c      0x210 C:/nxp/MCUXpressoIDE_25.6.136/ide/plugins/com.nxp.mcuxpresso.tools.win32_25.6.0.202501151204/tools/bin/../lib/gcc/arm-none-eabi/14.2.1/../../../../arm-none-eabi/lib/thumb/v6-m/nofp\libcr_c.a(fflush.o)
 .debug_info    0x00010a4c      0x27f C:/nxp/MCUXpressoIDE_25.6.136/ide/plugins/com.nxp.mcuxpresso.tools.win32_25.6.0.202501151204/tools/bin/../lib/gcc/arm-none-eabi/14.2.1/../../../../arm-none-eabi/lib/thumb/v6-m/nofp\libcr_c.a(fseek.o)
 .debug_info    0x00010ccb      0x197 C:/nxp/MCUXpressoIDE_25.6.136/ide/plugins/com.nxp.mcuxpresso.tools.win32_25.6.0.202501151204/tools/bin/../lib/gcc/arm-none-eabi/14.2.1/../../../../arm-none-eabi/lib/thumb/v6-m/nofp\libcr_c.a(ftell.o)
 .debug_info    0x00010e62      0x1d0 C:/nxp/MCUXpressoIDE_25.6.136/ide/plugins/com.nxp.mcuxpresso.tools.win32_25.6.0.202501151204/tools/bin/../lib/gcc/arm-none-eabi/14.2.1/../../../../arm-none-eabi/lib/thumb/v6-m/nofp\libcr_c.a(remove.o)
 .debug_info    0x00011032      0x241 C:/nxp/MCUXpressoIDE_25.6.136/ide/plugins/com.nxp.mcuxpresso.tools.win32_25.6.0.202501151204/tools/bin/../lib/gcc/arm-none-eabi/14.2.1/../../../../arm-none-eabi/lib/thumb/v6-m/nofp\libcr_c.a(_do_fflush.o)
 .debug_info    0x00011273      0x18b C:/nxp/MCUXpressoIDE_25.6.136/ide/plugins/com.nxp.mcuxpresso.tools.win32_25.6.0.202501151204/tools/bin/../lib/gcc/arm-none-eabi/14.2.1/../../../../arm-none-eabi/lib/thumb/v6-m/nofp\libcr_nohost_nf.a(__ciob.o)
 .debug_info    0x000113fe       0x6a C:/nxp/MCUXpressoIDE_25.6.136/ide/plugins/com.nxp.mcuxpresso.tools.win32_25.6.0.202501151204/tools/bin/../lib/gcc/arm-none-eabi/14.2.1/../../../../arm-none-eabi/lib/thumb/v6-m/nofp\libcr_nohost_nf.a(__sys_close.o)
 .debug_info    0x00011468       0x6a C:/nxp/MCUXpressoIDE_25.6.136/ide/plugins/com.nxp.mcuxpresso.tools.win32_25.6.0.202501151204/tools/bin/../lib/gcc/arm-none-eabi/14.2.1/../../../../arm-none-eabi/lib/thumb/v6-m/nofp\libcr_nohost_nf.a(__sys_flen.o)
 .debug_info    0x000114d2       0x6a C:/nxp/MCUXpressoIDE_25.6.136/ide/plugins/com.nxp.mcuxpresso.tools.win32_25.6.0.202501151204/tools/bin/../lib/gcc/arm-none-eabi/14.2.1/../../../../arm-none-eabi/lib/thumb/v6-m/nofp\libcr_nohost_nf.a(__sys_istty.o)
 .debug_info    0x0001153c       0x8a C:/nxp/MCUXpressoIDE_25.6.136/ide/plugins/com.nxp.mcuxpresso.tools.win32_25.6.0.202501151204/tools/bin/../lib/gcc/arm-none-eabi/14.2.1/../../../../arm-none-eabi/lib/thumb/v6-m/nofp\libcr_nohost_nf.a(__sys_remove.o)
 .debug_info    0x000115c6       0x78 C:/nxp/MCUXpressoIDE_25.6.136/ide/plugins/com.nxp.mcuxpresso.tools.win32_25.6.0.202501151204/tools/bin/../lib/gcc/arm-none-eabi/14.2.1/../../../../arm-none-eabi/lib/thumb/v6-m/nofp\libcr_nohost_nf.a(__sys_seek.o)
 .debug_info    0x0001163e       0x93 C:/nxp/MCUXpressoIDE_25.6.136/ide/plugins/com.nxp.mcuxpresso.tools.win32_25.6.0.202501151204/tools/bin/../lib/gcc/arm-none-eabi/14.2.1/../../../../arm-none-eabi/lib/thumb/v6-m/nofp\libcr_nohost_nf.a(__sys_tmpnam.o)
 .debug_info    0x000116d1       0x93 C:/nxp/MCUXpressoIDE_25.6.136/ide/plugins/com.nxp.mcuxpresso.tools.win32_25.6.0.202501151204/tools/bin/../lib/gcc/arm-none-eabi/14.2.1/../../../../arm-none-eabi/lib/thumb/v6-m/nofp\libcr_nohost_nf.a(__sys_write.o)

.debug_abbrev   0x00000000     0x415f
 .debug_abbrev  0x00000000      0x270 ./utilities/str/fsl_str.o
 .debug_abbrev  0x00000270      0x270 ./utilities/debug_console/fsl_debug_console.o
 .debug_abbrev  0x000004e0       0xbd ./utilities/fsl_assert.o
 .debug_abbrev  0x0000059d      0x1a7 ./startup/startup_mcxc444.o
 .debug_abbrev  0x00000744      0x30a ./source/SD2_board.o
 .debug_abbrev  0x00000a4e      0x29a ./source/main.o
 .debug_abbrev  0x00000ce8      0x3b4 ./source/mcp2515.o
 .debug_abbrev  0x0000109c       0x46 ./source/mtb.o
 .debug_abbrev  0x000010e2       0x31 ./source/semihost_hardfault.o
 .debug_abbrev  0x00001113      0x12b ./source/spi_can.o
 .debug_abbrev  0x0000123e      0x2e0 ./drivers/fsl_clock.o
 .debug_abbrev  0x0000151e      0x242 ./drivers/fsl_gpio.o
 .debug_abbrev  0x00001760      0x406 ./drivers/fsl_lpuart.o
 .debug_abbrev  0x00001b66      0x39d ./drivers/fsl_spi.o
 .debug_abbrev  0x00001f03      0x139 ./device/system_MCXC444.o
 .debug_abbrev  0x0000203c      0x1e7 ./component/uart/fsl_adapter_lpuart.o
 .debug_abbrev  0x00002223      0x2ad ./component/serial_manager/fsl_component_serial_manager.o
 .debug_abbrev  0x000024d0      0x18c ./component/serial_manager/fsl_component_serial_port_uart.o
 .debug_abbrev  0x0000265c      0x163 ./board/board.o
 .debug_abbrev  0x000027bf      0x1f1 ./board/clock_config.o
 .debug_abbrev  0x000029b0      0x1a3 ./board/pin_mux.o
 .debug_abbrev  0x00002b53       0x62 C:/nxp/MCUXpressoIDE_25.6.136/ide/plugins/com.nxp.mcuxpresso.tools.win32_25.6.0.202501151204/tools/bin/../lib/gcc/arm-none-eabi/14.2.1/../../../../arm-none-eabi/lib/thumb/v6-m/nofp\libcr_nohost_nf.a(_cr__main.o)
 .debug_abbrev  0x00002bb5       0xb3 C:/nxp/MCUXpressoIDE_25.6.136/ide/plugins/com.nxp.mcuxpresso.tools.win32_25.6.0.202501151204/tools/bin/../lib/gcc/arm-none-eabi/14.2.1/../../../../arm-none-eabi/lib/thumb/v6-m/nofp\libcr_c.a(memcpy.o)
 .debug_abbrev  0x00002c68       0xa5 C:/nxp/MCUXpressoIDE_25.6.136/ide/plugins/com.nxp.mcuxpresso.tools.win32_25.6.0.202501151204/tools/bin/../lib/gcc/arm-none-eabi/14.2.1/../../../../arm-none-eabi/lib/thumb/v6-m/nofp\libcr_c.a(memset.o)
 .debug_abbrev  0x00002d0d      0x27b C:/nxp/MCUXpressoIDE_25.6.136/ide/plugins/com.nxp.mcuxpresso.tools.win32_25.6.0.202501151204/tools/bin/../lib/gcc/arm-none-eabi/14.2.1/../../../../arm-none-eabi/lib/thumb/v6-m/nofp\libcr_c.a(alloc.o)
 .debug_abbrev  0x00002f88       0x44 C:/nxp/MCUXpressoIDE_25.6.136/ide/plugins/com.nxp.mcuxpresso.tools.win32_25.6.0.202501151204/tools/bin/../lib/gcc/arm-none-eabi/14.2.1/../../../../arm-none-eabi/lib/thumb/v6-m/nofp\libcr_c.a(errno.o)
 .debug_abbrev  0x00002fcc      0x14b C:/nxp/MCUXpressoIDE_25.6.136/ide/plugins/com.nxp.mcuxpresso.tools.win32_25.6.0.202501151204/tools/bin/../lib/gcc/arm-none-eabi/14.2.1/../../../../arm-none-eabi/lib/thumb/v6-m/nofp\libcr_c.a(initio.o)
 .debug_abbrev  0x00003117       0xe1 C:/nxp/MCUXpressoIDE_25.6.136/ide/plugins/com.nxp.mcuxpresso.tools.win32_25.6.0.202501151204/tools/bin/../lib/gcc/arm-none-eabi/14.2.1/../../../../arm-none-eabi/lib/thumb/v6-m/nofp\libcr_c.a(setvbuf.o)
 .debug_abbrev  0x000031f8       0xa5 C:/nxp/MCUXpressoIDE_25.6.136/ide/plugins/com.nxp.mcuxpresso.tools.win32_25.6.0.202501151204/tools/bin/../lib/gcc/arm-none-eabi/14.2.1/../../../../arm-none-eabi/lib/thumb/v6-m/nofp\libcr_c.a(strlen.o)
 .debug_abbrev  0x0000329d      0x183 C:/nxp/MCUXpressoIDE_25.6.136/ide/plugins/com.nxp.mcuxpresso.tools.win32_25.6.0.202501151204/tools/bin/../lib/gcc/arm-none-eabi/14.2.1/../../../../arm-none-eabi/lib/thumb/v6-m/nofp\libcr_c.a(_deferredlazyseek.o)
 .debug_abbrev  0x00003420      0x119 C:/nxp/MCUXpressoIDE_25.6.136/ide/plugins/com.nxp.mcuxpresso.tools.win32_25.6.0.202501151204/tools/bin/../lib/gcc/arm-none-eabi/14.2.1/../../../../arm-none-eabi/lib/thumb/v6-m/nofp\libcr_c.a(_fdopen.o)
 .debug_abbrev  0x00003539       0xf1 C:/nxp/MCUXpressoIDE_25.6.136/ide/plugins/com.nxp.mcuxpresso.tools.win32_25.6.0.202501151204/tools/bin/../lib/gcc/arm-none-eabi/14.2.1/../../../../arm-none-eabi/lib/thumb/v6-m/nofp\libcr_c.a(_fflush.o)
 .debug_abbrev  0x0000362a      0x126 C:/nxp/MCUXpressoIDE_25.6.136/ide/plugins/com.nxp.mcuxpresso.tools.win32_25.6.0.202501151204/tools/bin/../lib/gcc/arm-none-eabi/14.2.1/../../../../arm-none-eabi/lib/thumb/v6-m/nofp\libcr_c.a(_writebuf.o)
 .debug_abbrev  0x00003750      0x158 C:/nxp/MCUXpressoIDE_25.6.136/ide/plugins/com.nxp.mcuxpresso.tools.win32_25.6.0.202501151204/tools/bin/../lib/gcc/arm-none-eabi/14.2.1/../../../../arm-none-eabi/lib/thumb/v6-m/nofp\libcr_c.a(fclose.o)
 .debug_abbrev  0x000038a8      0x122 C:/nxp/MCUXpressoIDE_25.6.136/ide/plugins/com.nxp.mcuxpresso.tools.win32_25.6.0.202501151204/tools/bin/../lib/gcc/arm-none-eabi/14.2.1/../../../../arm-none-eabi/lib/thumb/v6-m/nofp\libcr_c.a(fflush.o)
 .debug_abbrev  0x000039ca      0x11b C:/nxp/MCUXpressoIDE_25.6.136/ide/plugins/com.nxp.mcuxpresso.tools.win32_25.6.0.202501151204/tools/bin/../lib/gcc/arm-none-eabi/14.2.1/../../../../arm-none-eabi/lib/thumb/v6-m/nofp\libcr_c.a(fseek.o)
 .debug_abbrev  0x00003ae5       0xc2 C:/nxp/MCUXpressoIDE_25.6.136/ide/plugins/com.nxp.mcuxpresso.tools.win32_25.6.0.202501151204/tools/bin/../lib/gcc/arm-none-eabi/14.2.1/../../../../arm-none-eabi/lib/thumb/v6-m/nofp\libcr_c.a(ftell.o)
 .debug_abbrev  0x00003ba7       0xed C:/nxp/MCUXpressoIDE_25.6.136/ide/plugins/com.nxp.mcuxpresso.tools.win32_25.6.0.202501151204/tools/bin/../lib/gcc/arm-none-eabi/14.2.1/../../../../arm-none-eabi/lib/thumb/v6-m/nofp\libcr_c.a(remove.o)
 .debug_abbrev  0x00003c94      0x12c C:/nxp/MCUXpressoIDE_25.6.136/ide/plugins/com.nxp.mcuxpresso.tools.win32_25.6.0.202501151204/tools/bin/../lib/gcc/arm-none-eabi/14.2.1/../../../../arm-none-eabi/lib/thumb/v6-m/nofp\libcr_c.a(_do_fflush.o)
 .debug_abbrev  0x00003dc0       0xb5 C:/nxp/MCUXpressoIDE_25.6.136/ide/plugins/com.nxp.mcuxpresso.tools.win32_25.6.0.202501151204/tools/bin/../lib/gcc/arm-none-eabi/14.2.1/../../../../arm-none-eabi/lib/thumb/v6-m/nofp\libcr_nohost_nf.a(__ciob.o)
 .debug_abbrev  0x00003e75       0x5c C:/nxp/MCUXpressoIDE_25.6.136/ide/plugins/com.nxp.mcuxpresso.tools.win32_25.6.0.202501151204/tools/bin/../lib/gcc/arm-none-eabi/14.2.1/../../../../arm-none-eabi/lib/thumb/v6-m/nofp\libcr_nohost_nf.a(__sys_close.o)
 .debug_abbrev  0x00003ed1       0x5c C:/nxp/MCUXpressoIDE_25.6.136/ide/plugins/com.nxp.mcuxpresso.tools.win32_25.6.0.202501151204/tools/bin/../lib/gcc/arm-none-eabi/14.2.1/../../../../arm-none-eabi/lib/thumb/v6-m/nofp\libcr_nohost_nf.a(__sys_flen.o)
 .debug_abbrev  0x00003f2d       0x5c C:/nxp/MCUXpressoIDE_25.6.136/ide/plugins/com.nxp.mcuxpresso.tools.win32_25.6.0.202501151204/tools/bin/../lib/gcc/arm-none-eabi/14.2.1/../../../../arm-none-eabi/lib/thumb/v6-m/nofp\libcr_nohost_nf.a(__sys_istty.o)
 .debug_abbrev  0x00003f89       0x7d C:/nxp/MCUXpressoIDE_25.6.136/ide/plugins/com.nxp.mcuxpresso.tools.win32_25.6.0.202501151204/tools/bin/../lib/gcc/arm-none-eabi/14.2.1/../../../../arm-none-eabi/lib/thumb/v6-m/nofp\libcr_nohost_nf.a(__sys_remove.o)
 .debug_abbrev  0x00004006       0x6d C:/nxp/MCUXpressoIDE_25.6.136/ide/plugins/com.nxp.mcuxpresso.tools.win32_25.6.0.202501151204/tools/bin/../lib/gcc/arm-none-eabi/14.2.1/../../../../arm-none-eabi/lib/thumb/v6-m/nofp\libcr_nohost_nf.a(__sys_seek.o)
 .debug_abbrev  0x00004073       0x76 C:/nxp/MCUXpressoIDE_25.6.136/ide/plugins/com.nxp.mcuxpresso.tools.win32_25.6.0.202501151204/tools/bin/../lib/gcc/arm-none-eabi/14.2.1/../../../../arm-none-eabi/lib/thumb/v6-m/nofp\libcr_nohost_nf.a(__sys_tmpnam.o)
 .debug_abbrev  0x000040e9       0x76 C:/nxp/MCUXpressoIDE_25.6.136/ide/plugins/com.nxp.mcuxpresso.tools.win32_25.6.0.202501151204/tools/bin/../lib/gcc/arm-none-eabi/14.2.1/../../../../arm-none-eabi/lib/thumb/v6-m/nofp\libcr_nohost_nf.a(__sys_write.o)

.debug_aranges  0x00000000      0xfb8
 .debug_aranges
                0x00000000       0xe8 ./utilities/str/fsl_str.o
 .debug_aranges
                0x000000e8       0xa8 ./utilities/debug_console/fsl_debug_console.o
 .debug_aranges
                0x00000190       0x28 ./utilities/fsl_assert.o
 .debug_aranges
                0x000001b8      0x160 ./startup/startup_mcxc444.o
 .debug_aranges
                0x00000318       0xa0 ./source/SD2_board.o
 .debug_aranges
                0x000003b8       0x38 ./source/main.o
 .debug_aranges
                0x000003f0      0x188 ./source/mcp2515.o
 .debug_aranges
                0x00000578       0x18 ./source/mtb.o
 .debug_aranges
                0x00000590       0x20 ./source/semihost_hardfault.o
 .debug_aranges
                0x000005b0       0x40 ./source/spi_can.o
 .debug_aranges
                0x000005f0       0xd0 ./drivers/fsl_clock.o
 .debug_aranges
                0x000006c0       0x80 ./drivers/fsl_gpio.o
 .debug_aranges
                0x00000740      0x190 ./drivers/fsl_lpuart.o
 .debug_aranges
                0x000008d0      0x148 ./drivers/fsl_spi.o
 .debug_aranges
                0x00000a18       0x30 ./device/system_MCXC444.o
 .debug_aranges
                0x00000a48       0x58 ./component/uart/fsl_adapter_lpuart.o
 .debug_aranges
                0x00000aa0       0xa0 ./component/serial_manager/fsl_component_serial_manager.o
 .debug_aranges
                0x00000b40       0x48 ./component/serial_manager/fsl_component_serial_port_uart.o
 .debug_aranges
                0x00000b88       0x28 ./board/board.o
 .debug_aranges
                0x00000bb0       0x48 ./board/clock_config.o
 .debug_aranges
                0x00000bf8       0x58 ./board/pin_mux.o
 .debug_aranges
                0x00000c50       0x20 C:/nxp/MCUXpressoIDE_25.6.136/ide/plugins/com.nxp.mcuxpresso.tools.win32_25.6.0.202501151204/tools/bin/../lib/gcc/arm-none-eabi/14.2.1/../../../../arm-none-eabi/lib/thumb/v6-m/nofp\libcr_nohost_nf.a(_cr__main.o)
 .debug_aranges
                0x00000c70       0x20 C:/nxp/MCUXpressoIDE_25.6.136/ide/plugins/com.nxp.mcuxpresso.tools.win32_25.6.0.202501151204/tools/bin/../lib/gcc/arm-none-eabi/14.2.1/../../../../arm-none-eabi/lib/thumb/v6-m/nofp\libcr_c.a(memcpy.o)
 .debug_aranges
                0x00000c90       0x20 C:/nxp/MCUXpressoIDE_25.6.136/ide/plugins/com.nxp.mcuxpresso.tools.win32_25.6.0.202501151204/tools/bin/../lib/gcc/arm-none-eabi/14.2.1/../../../../arm-none-eabi/lib/thumb/v6-m/nofp\libcr_c.a(memset.o)
 .debug_aranges
                0x00000cb0       0x40 C:/nxp/MCUXpressoIDE_25.6.136/ide/plugins/com.nxp.mcuxpresso.tools.win32_25.6.0.202501151204/tools/bin/../lib/gcc/arm-none-eabi/14.2.1/../../../../arm-none-eabi/lib/thumb/v6-m/nofp\libcr_c.a(alloc.o)
 .debug_aranges
                0x00000cf0       0x18 C:/nxp/MCUXpressoIDE_25.6.136/ide/plugins/com.nxp.mcuxpresso.tools.win32_25.6.0.202501151204/tools/bin/../lib/gcc/arm-none-eabi/14.2.1/../../../../arm-none-eabi/lib/thumb/v6-m/nofp\libcr_c.a(errno.o)
 .debug_aranges
                0x00000d08       0x28 C:/nxp/MCUXpressoIDE_25.6.136/ide/plugins/com.nxp.mcuxpresso.tools.win32_25.6.0.202501151204/tools/bin/../lib/gcc/arm-none-eabi/14.2.1/../../../../arm-none-eabi/lib/thumb/v6-m/nofp\libcr_c.a(initio.o)
 .debug_aranges
                0x00000d30       0x20 C:/nxp/MCUXpressoIDE_25.6.136/ide/plugins/com.nxp.mcuxpresso.tools.win32_25.6.0.202501151204/tools/bin/../lib/gcc/arm-none-eabi/14.2.1/../../../../arm-none-eabi/lib/thumb/v6-m/nofp\libcr_c.a(setvbuf.o)
 .debug_aranges
                0x00000d50       0x20 C:/nxp/MCUXpressoIDE_25.6.136/ide/plugins/com.nxp.mcuxpresso.tools.win32_25.6.0.202501151204/tools/bin/../lib/gcc/arm-none-eabi/14.2.1/../../../../arm-none-eabi/lib/thumb/v6-m/nofp\libcr_c.a(strlen.o)
 .debug_aranges
                0x00000d70       0x28 C:/nxp/MCUXpressoIDE_25.6.136/ide/plugins/com.nxp.mcuxpresso.tools.win32_25.6.0.202501151204/tools/bin/../lib/gcc/arm-none-eabi/14.2.1/../../../../arm-none-eabi/lib/thumb/v6-m/nofp\libcr_c.a(_deferredlazyseek.o)
 .debug_aranges
                0x00000d98       0x20 C:/nxp/MCUXpressoIDE_25.6.136/ide/plugins/com.nxp.mcuxpresso.tools.win32_25.6.0.202501151204/tools/bin/../lib/gcc/arm-none-eabi/14.2.1/../../../../arm-none-eabi/lib/thumb/v6-m/nofp\libcr_c.a(_fdopen.o)
 .debug_aranges
                0x00000db8       0x20 C:/nxp/MCUXpressoIDE_25.6.136/ide/plugins/com.nxp.mcuxpresso.tools.win32_25.6.0.202501151204/tools/bin/../lib/gcc/arm-none-eabi/14.2.1/../../../../arm-none-eabi/lib/thumb/v6-m/nofp\libcr_c.a(_fflush.o)
 .debug_aranges
                0x00000dd8       0x20 C:/nxp/MCUXpressoIDE_25.6.136/ide/plugins/com.nxp.mcuxpresso.tools.win32_25.6.0.202501151204/tools/bin/../lib/gcc/arm-none-eabi/14.2.1/../../../../arm-none-eabi/lib/thumb/v6-m/nofp\libcr_c.a(_writebuf.o)
 .debug_aranges
                0x00000df8       0x20 C:/nxp/MCUXpressoIDE_25.6.136/ide/plugins/com.nxp.mcuxpresso.tools.win32_25.6.0.202501151204/tools/bin/../lib/gcc/arm-none-eabi/14.2.1/../../../../arm-none-eabi/lib/thumb/v6-m/nofp\libcr_c.a(fclose.o)
 .debug_aranges
                0x00000e18       0x20 C:/nxp/MCUXpressoIDE_25.6.136/ide/plugins/com.nxp.mcuxpresso.tools.win32_25.6.0.202501151204/tools/bin/../lib/gcc/arm-none-eabi/14.2.1/../../../../arm-none-eabi/lib/thumb/v6-m/nofp\libcr_c.a(fflush.o)
 .debug_aranges
                0x00000e38       0x20 C:/nxp/MCUXpressoIDE_25.6.136/ide/plugins/com.nxp.mcuxpresso.tools.win32_25.6.0.202501151204/tools/bin/../lib/gcc/arm-none-eabi/14.2.1/../../../../arm-none-eabi/lib/thumb/v6-m/nofp\libcr_c.a(fseek.o)
 .debug_aranges
                0x00000e58       0x20 C:/nxp/MCUXpressoIDE_25.6.136/ide/plugins/com.nxp.mcuxpresso.tools.win32_25.6.0.202501151204/tools/bin/../lib/gcc/arm-none-eabi/14.2.1/../../../../arm-none-eabi/lib/thumb/v6-m/nofp\libcr_c.a(ftell.o)
 .debug_aranges
                0x00000e78       0x28 C:/nxp/MCUXpressoIDE_25.6.136/ide/plugins/com.nxp.mcuxpresso.tools.win32_25.6.0.202501151204/tools/bin/../lib/gcc/arm-none-eabi/14.2.1/../../../../arm-none-eabi/lib/thumb/v6-m/nofp\libcr_c.a(remove.o)
 .debug_aranges
                0x00000ea0       0x20 C:/nxp/MCUXpressoIDE_25.6.136/ide/plugins/com.nxp.mcuxpresso.tools.win32_25.6.0.202501151204/tools/bin/../lib/gcc/arm-none-eabi/14.2.1/../../../../arm-none-eabi/lib/thumb/v6-m/nofp\libcr_c.a(_do_fflush.o)
 .debug_aranges
                0x00000ec0       0x18 C:/nxp/MCUXpressoIDE_25.6.136/ide/plugins/com.nxp.mcuxpresso.tools.win32_25.6.0.202501151204/tools/bin/../lib/gcc/arm-none-eabi/14.2.1/../../../../arm-none-eabi/lib/thumb/v6-m/nofp\libcr_nohost_nf.a(__ciob.o)
 .debug_aranges
                0x00000ed8       0x20 C:/nxp/MCUXpressoIDE_25.6.136/ide/plugins/com.nxp.mcuxpresso.tools.win32_25.6.0.202501151204/tools/bin/../lib/gcc/arm-none-eabi/14.2.1/../../../../arm-none-eabi/lib/thumb/v6-m/nofp\libcr_nohost_nf.a(__sys_close.o)
 .debug_aranges
                0x00000ef8       0x20 C:/nxp/MCUXpressoIDE_25.6.136/ide/plugins/com.nxp.mcuxpresso.tools.win32_25.6.0.202501151204/tools/bin/../lib/gcc/arm-none-eabi/14.2.1/../../../../arm-none-eabi/lib/thumb/v6-m/nofp\libcr_nohost_nf.a(__sys_flen.o)
 .debug_aranges
                0x00000f18       0x20 C:/nxp/MCUXpressoIDE_25.6.136/ide/plugins/com.nxp.mcuxpresso.tools.win32_25.6.0.202501151204/tools/bin/../lib/gcc/arm-none-eabi/14.2.1/../../../../arm-none-eabi/lib/thumb/v6-m/nofp\libcr_nohost_nf.a(__sys_istty.o)
 .debug_aranges
                0x00000f38       0x20 C:/nxp/MCUXpressoIDE_25.6.136/ide/plugins/com.nxp.mcuxpresso.tools.win32_25.6.0.202501151204/tools/bin/../lib/gcc/arm-none-eabi/14.2.1/../../../../arm-none-eabi/lib/thumb/v6-m/nofp\libcr_nohost_nf.a(__sys_remove.o)
 .debug_aranges
                0x00000f58       0x20 C:/nxp/MCUXpressoIDE_25.6.136/ide/plugins/com.nxp.mcuxpresso.tools.win32_25.6.0.202501151204/tools/bin/../lib/gcc/arm-none-eabi/14.2.1/../../../../arm-none-eabi/lib/thumb/v6-m/nofp\libcr_nohost_nf.a(__sys_seek.o)
 .debug_aranges
                0x00000f78       0x20 C:/nxp/MCUXpressoIDE_25.6.136/ide/plugins/com.nxp.mcuxpresso.tools.win32_25.6.0.202501151204/tools/bin/../lib/gcc/arm-none-eabi/14.2.1/../../../../arm-none-eabi/lib/thumb/v6-m/nofp\libcr_nohost_nf.a(__sys_tmpnam.o)
 .debug_aranges
                0x00000f98       0x20 C:/nxp/MCUXpressoIDE_25.6.136/ide/plugins/com.nxp.mcuxpresso.tools.win32_25.6.0.202501151204/tools/bin/../lib/gcc/arm-none-eabi/14.2.1/../../../../arm-none-eabi/lib/thumb/v6-m/nofp\libcr_nohost_nf.a(__sys_write.o)

.debug_ranges   0x00000000      0xd98
 .debug_ranges  0x00000000      0x108 ./utilities/str/fsl_str.o
 .debug_ranges  0x00000108       0x98 ./utilities/debug_console/fsl_debug_console.o
 .debug_ranges  0x000001a0       0x18 ./utilities/fsl_assert.o
 .debug_ranges  0x000001b8      0x150 ./startup/startup_mcxc444.o
 .debug_ranges  0x00000308       0x90 ./source/SD2_board.o
 .debug_ranges  0x00000398       0x28 ./source/main.o
 .debug_ranges  0x000003c0      0x178 ./source/mcp2515.o
 .debug_ranges  0x00000538       0x10 ./source/semihost_hardfault.o
 .debug_ranges  0x00000548       0x30 ./source/spi_can.o
 .debug_ranges  0x00000578       0xc0 ./drivers/fsl_clock.o
 .debug_ranges  0x00000638       0x70 ./drivers/fsl_gpio.o
 .debug_ranges  0x000006a8      0x180 ./drivers/fsl_lpuart.o
 .debug_ranges  0x00000828      0x138 ./drivers/fsl_spi.o
 .debug_ranges  0x00000960       0x20 ./device/system_MCXC444.o
 .debug_ranges  0x00000980       0x48 ./component/uart/fsl_adapter_lpuart.o
 .debug_ranges  0x000009c8       0x90 ./component/serial_manager/fsl_component_serial_manager.o
 .debug_ranges  0x00000a58       0x38 ./component/serial_manager/fsl_component_serial_port_uart.o
 .debug_ranges  0x00000a90       0x18 ./board/board.o
 .debug_ranges  0x00000aa8       0x38 ./board/clock_config.o
 .debug_ranges  0x00000ae0       0x48 ./board/pin_mux.o
 .debug_ranges  0x00000b28       0x10 C:/nxp/MCUXpressoIDE_25.6.136/ide/plugins/com.nxp.mcuxpresso.tools.win32_25.6.0.202501151204/tools/bin/../lib/gcc/arm-none-eabi/14.2.1/../../../../arm-none-eabi/lib/thumb/v6-m/nofp\libcr_nohost_nf.a(_cr__main.o)
 .debug_ranges  0x00000b38       0x10 C:/nxp/MCUXpressoIDE_25.6.136/ide/plugins/com.nxp.mcuxpresso.tools.win32_25.6.0.202501151204/tools/bin/../lib/gcc/arm-none-eabi/14.2.1/../../../../arm-none-eabi/lib/thumb/v6-m/nofp\libcr_c.a(memcpy.o)
 .debug_ranges  0x00000b48       0x10 C:/nxp/MCUXpressoIDE_25.6.136/ide/plugins/com.nxp.mcuxpresso.tools.win32_25.6.0.202501151204/tools/bin/../lib/gcc/arm-none-eabi/14.2.1/../../../../arm-none-eabi/lib/thumb/v6-m/nofp\libcr_c.a(memset.o)
 .debug_ranges  0x00000b58       0x50 C:/nxp/MCUXpressoIDE_25.6.136/ide/plugins/com.nxp.mcuxpresso.tools.win32_25.6.0.202501151204/tools/bin/../lib/gcc/arm-none-eabi/14.2.1/../../../../arm-none-eabi/lib/thumb/v6-m/nofp\libcr_c.a(alloc.o)
 .debug_ranges  0x00000ba8       0x38 C:/nxp/MCUXpressoIDE_25.6.136/ide/plugins/com.nxp.mcuxpresso.tools.win32_25.6.0.202501151204/tools/bin/../lib/gcc/arm-none-eabi/14.2.1/../../../../arm-none-eabi/lib/thumb/v6-m/nofp\libcr_c.a(initio.o)
 .debug_ranges  0x00000be0       0x10 C:/nxp/MCUXpressoIDE_25.6.136/ide/plugins/com.nxp.mcuxpresso.tools.win32_25.6.0.202501151204/tools/bin/../lib/gcc/arm-none-eabi/14.2.1/../../../../arm-none-eabi/lib/thumb/v6-m/nofp\libcr_c.a(setvbuf.o)
 .debug_ranges  0x00000bf0       0x28 C:/nxp/MCUXpressoIDE_25.6.136/ide/plugins/com.nxp.mcuxpresso.tools.win32_25.6.0.202501151204/tools/bin/../lib/gcc/arm-none-eabi/14.2.1/../../../../arm-none-eabi/lib/thumb/v6-m/nofp\libcr_c.a(strlen.o)
 .debug_ranges  0x00000c18       0x48 C:/nxp/MCUXpressoIDE_25.6.136/ide/plugins/com.nxp.mcuxpresso.tools.win32_25.6.0.202501151204/tools/bin/../lib/gcc/arm-none-eabi/14.2.1/../../../../arm-none-eabi/lib/thumb/v6-m/nofp\libcr_c.a(_deferredlazyseek.o)
 .debug_ranges  0x00000c60       0x10 C:/nxp/MCUXpressoIDE_25.6.136/ide/plugins/com.nxp.mcuxpresso.tools.win32_25.6.0.202501151204/tools/bin/../lib/gcc/arm-none-eabi/14.2.1/../../../../arm-none-eabi/lib/thumb/v6-m/nofp\libcr_c.a(_fdopen.o)
 .debug_ranges  0x00000c70       0x10 C:/nxp/MCUXpressoIDE_25.6.136/ide/plugins/com.nxp.mcuxpresso.tools.win32_25.6.0.202501151204/tools/bin/../lib/gcc/arm-none-eabi/14.2.1/../../../../arm-none-eabi/lib/thumb/v6-m/nofp\libcr_c.a(_fflush.o)
 .debug_ranges  0x00000c80       0x10 C:/nxp/MCUXpressoIDE_25.6.136/ide/plugins/com.nxp.mcuxpresso.tools.win32_25.6.0.202501151204/tools/bin/../lib/gcc/arm-none-eabi/14.2.1/../../../../arm-none-eabi/lib/thumb/v6-m/nofp\libcr_c.a(_writebuf.o)
 .debug_ranges  0x00000c90       0x10 C:/nxp/MCUXpressoIDE_25.6.136/ide/plugins/com.nxp.mcuxpresso.tools.win32_25.6.0.202501151204/tools/bin/../lib/gcc/arm-none-eabi/14.2.1/../../../../arm-none-eabi/lib/thumb/v6-m/nofp\libcr_c.a(fclose.o)
 .debug_ranges  0x00000ca0       0x28 C:/nxp/MCUXpressoIDE_25.6.136/ide/plugins/com.nxp.mcuxpresso.tools.win32_25.6.0.202501151204/tools/bin/../lib/gcc/arm-none-eabi/14.2.1/../../../../arm-none-eabi/lib/thumb/v6-m/nofp\libcr_c.a(fflush.o)
 .debug_ranges  0x00000cc8       0x10 C:/nxp/MCUXpressoIDE_25.6.136/ide/plugins/com.nxp.mcuxpresso.tools.win32_25.6.0.202501151204/tools/bin/../lib/gcc/arm-none-eabi/14.2.1/../../../../arm-none-eabi/lib/thumb/v6-m/nofp\libcr_c.a(fseek.o)
 .debug_ranges  0x00000cd8       0x10 C:/nxp/MCUXpressoIDE_25.6.136/ide/plugins/com.nxp.mcuxpresso.tools.win32_25.6.0.202501151204/tools/bin/../lib/gcc/arm-none-eabi/14.2.1/../../../../arm-none-eabi/lib/thumb/v6-m/nofp\libcr_c.a(ftell.o)
 .debug_ranges  0x00000ce8       0x18 C:/nxp/MCUXpressoIDE_25.6.136/ide/plugins/com.nxp.mcuxpresso.tools.win32_25.6.0.202501151204/tools/bin/../lib/gcc/arm-none-eabi/14.2.1/../../../../arm-none-eabi/lib/thumb/v6-m/nofp\libcr_c.a(remove.o)
 .debug_ranges  0x00000d00       0x28 C:/nxp/MCUXpressoIDE_25.6.136/ide/plugins/com.nxp.mcuxpresso.tools.win32_25.6.0.202501151204/tools/bin/../lib/gcc/arm-none-eabi/14.2.1/../../../../arm-none-eabi/lib/thumb/v6-m/nofp\libcr_c.a(_do_fflush.o)
 .debug_ranges  0x00000d28       0x10 C:/nxp/MCUXpressoIDE_25.6.136/ide/plugins/com.nxp.mcuxpresso.tools.win32_25.6.0.202501151204/tools/bin/../lib/gcc/arm-none-eabi/14.2.1/../../../../arm-none-eabi/lib/thumb/v6-m/nofp\libcr_nohost_nf.a(__sys_close.o)
 .debug_ranges  0x00000d38       0x10 C:/nxp/MCUXpressoIDE_25.6.136/ide/plugins/com.nxp.mcuxpresso.tools.win32_25.6.0.202501151204/tools/bin/../lib/gcc/arm-none-eabi/14.2.1/../../../../arm-none-eabi/lib/thumb/v6-m/nofp\libcr_nohost_nf.a(__sys_flen.o)
 .debug_ranges  0x00000d48       0x10 C:/nxp/MCUXpressoIDE_25.6.136/ide/plugins/com.nxp.mcuxpresso.tools.win32_25.6.0.202501151204/tools/bin/../lib/gcc/arm-none-eabi/14.2.1/../../../../arm-none-eabi/lib/thumb/v6-m/nofp\libcr_nohost_nf.a(__sys_istty.o)
 .debug_ranges  0x00000d58       0x10 C:/nxp/MCUXpressoIDE_25.6.136/ide/plugins/com.nxp.mcuxpresso.tools.win32_25.6.0.202501151204/tools/bin/../lib/gcc/arm-none-eabi/14.2.1/../../../../arm-none-eabi/lib/thumb/v6-m/nofp\libcr_nohost_nf.a(__sys_remove.o)
 .debug_ranges  0x00000d68       0x10 C:/nxp/MCUXpressoIDE_25.6.136/ide/plugins/com.nxp.mcuxpresso.tools.win32_25.6.0.202501151204/tools/bin/../lib/gcc/arm-none-eabi/14.2.1/../../../../arm-none-eabi/lib/thumb/v6-m/nofp\libcr_nohost_nf.a(__sys_seek.o)
 .debug_ranges  0x00000d78       0x10 C:/nxp/MCUXpressoIDE_25.6.136/ide/plugins/com.nxp.mcuxpresso.tools.win32_25.6.0.202501151204/tools/bin/../lib/gcc/arm-none-eabi/14.2.1/../../../../arm-none-eabi/lib/thumb/v6-m/nofp\libcr_nohost_nf.a(__sys_tmpnam.o)
 .debug_ranges  0x00000d88       0x10 C:/nxp/MCUXpressoIDE_25.6.136/ide/plugins/com.nxp.mcuxpresso.tools.win32_25.6.0.202501151204/tools/bin/../lib/gcc/arm-none-eabi/14.2.1/../../../../arm-none-eabi/lib/thumb/v6-m/nofp\libcr_nohost_nf.a(__sys_write.o)

.debug_macro    0x00000000    0x1018d
 .debug_macro   0x00000000      0x2b4 ./utilities/str/fsl_str.o
 .debug_macro   0x000002b4      0xae4 ./utilities/str/fsl_str.o
 .debug_macro   0x00000d98       0x10 ./utilities/str/fsl_str.o
 .debug_macro   0x00000da8       0xc4 ./utilities/str/fsl_str.o
 .debug_macro   0x00000e6c       0x1c ./utilities/str/fsl_str.o
 .debug_macro   0x00000e88      0x12e ./utilities/str/fsl_str.o
 .debug_macro   0x00000fb6       0x28 ./utilities/str/fsl_str.o
 .debug_macro   0x00000fde      0x1c7 ./utilities/str/fsl_str.o
 .debug_macro   0x000011a5       0x16 ./utilities/str/fsl_str.o
 .debug_macro   0x000011bb       0x22 ./utilities/str/fsl_str.o
 .debug_macro   0x000011dd      0x5b3 ./utilities/str/fsl_str.o
 .debug_macro   0x00001790       0x3f ./utilities/str/fsl_str.o
 .debug_macro   0x000017cf       0x2e ./utilities/str/fsl_str.o
 .debug_macro   0x000017fd       0x10 ./utilities/str/fsl_str.o
 .debug_macro   0x0000180d       0x2e ./utilities/str/fsl_str.o
 .debug_macro   0x0000183b       0xb4 ./utilities/str/fsl_str.o
 .debug_macro   0x000018ef       0x28 ./utilities/str/fsl_str.o
 .debug_macro   0x00001917      0x3bc ./utilities/str/fsl_str.o
 .debug_macro   0x00001cd3       0x3a ./utilities/str/fsl_str.o
 .debug_macro   0x00001d0d     0x1272 ./utilities/str/fsl_str.o
 .debug_macro   0x00002f7f      0x846 ./utilities/str/fsl_str.o
 .debug_macro   0x000037c5      0x3c1 ./utilities/str/fsl_str.o
 .debug_macro   0x00003b86      0x1ed ./utilities/str/fsl_str.o
 .debug_macro   0x00003d73      0x16e ./utilities/str/fsl_str.o
 .debug_macro   0x00003ee1      0x247 ./utilities/str/fsl_str.o
 .debug_macro   0x00004128       0x4f ./utilities/str/fsl_str.o
 .debug_macro   0x00004177       0x88 ./utilities/str/fsl_str.o
 .debug_macro   0x000041ff      0x41b ./utilities/str/fsl_str.o
 .debug_macro   0x0000461a      0x280 ./utilities/str/fsl_str.o
 .debug_macro   0x0000489a       0x88 ./utilities/str/fsl_str.o
 .debug_macro   0x00004922      0x3bb ./utilities/str/fsl_str.o
 .debug_macro   0x00004cdd      0x691 ./utilities/str/fsl_str.o
 .debug_macro   0x0000536e     0x31e6 ./utilities/str/fsl_str.o
 .debug_macro   0x00008554      0x478 ./utilities/str/fsl_str.o
 .debug_macro   0x000089cc      0x106 ./utilities/str/fsl_str.o
 .debug_macro   0x00008ad2      0x631 ./utilities/str/fsl_str.o
 .debug_macro   0x00009103      0x199 ./utilities/str/fsl_str.o
 .debug_macro   0x0000929c      0x11b ./utilities/str/fsl_str.o
 .debug_macro   0x000093b7      0x2da ./utilities/str/fsl_str.o
 .debug_macro   0x00009691      0x20e ./utilities/str/fsl_str.o
 .debug_macro   0x0000989f      0x1ed ./utilities/str/fsl_str.o
 .debug_macro   0x00009a8c       0x86 ./utilities/str/fsl_str.o
 .debug_macro   0x00009b12       0xfe ./utilities/str/fsl_str.o
 .debug_macro   0x00009c10      0x11b ./utilities/str/fsl_str.o
 .debug_macro   0x00009d2b      0x121 ./utilities/str/fsl_str.o
 .debug_macro   0x00009e4c      0x1ed ./utilities/str/fsl_str.o
 .debug_macro   0x0000a039       0x64 ./utilities/str/fsl_str.o
 .debug_macro   0x0000a09d      0x112 ./utilities/str/fsl_str.o
 .debug_macro   0x0000a1af      0x295 ./utilities/str/fsl_str.o
 .debug_macro   0x0000a444      0x6c4 ./utilities/str/fsl_str.o
 .debug_macro   0x0000ab08       0xdc ./utilities/str/fsl_str.o
 .debug_macro   0x0000abe4      0x3a6 ./utilities/str/fsl_str.o
 .debug_macro   0x0000af8a      0x366 ./utilities/str/fsl_str.o
 .debug_macro   0x0000b2f0      0x703 ./utilities/str/fsl_str.o
 .debug_macro   0x0000b9f3      0x5d5 ./utilities/str/fsl_str.o
 .debug_macro   0x0000bfc8       0x9c ./utilities/str/fsl_str.o
 .debug_macro   0x0000c064      0x11b ./utilities/str/fsl_str.o
 .debug_macro   0x0000c17f       0xf1 ./utilities/str/fsl_str.o
 .debug_macro   0x0000c270       0xfb ./utilities/str/fsl_str.o
 .debug_macro   0x0000c36b       0x16 ./utilities/str/fsl_str.o
 .debug_macro   0x0000c381      0x332 ./utilities/debug_console/fsl_debug_console.o
 .debug_macro   0x0000c6b3       0x16 ./utilities/debug_console/fsl_debug_console.o
 .debug_macro   0x0000c6c9       0x10 ./utilities/debug_console/fsl_debug_console.o
 .debug_macro   0x0000c6d9       0x3c ./utilities/debug_console/fsl_debug_console.o
 .debug_macro   0x0000c715       0x1c ./utilities/debug_console/fsl_debug_console.o
 .debug_macro   0x0000c731       0x70 ./utilities/debug_console/fsl_debug_console.o
 .debug_macro   0x0000c7a1       0x47 ./utilities/debug_console/fsl_debug_console.o
 .debug_macro   0x0000c7e8       0x16 ./utilities/debug_console/fsl_debug_console.o
 .debug_macro   0x0000c7fe       0x6d ./utilities/debug_console/fsl_debug_console.o
 .debug_macro   0x0000c86b       0x1c ./utilities/debug_console/fsl_debug_console.o
 .debug_macro   0x0000c887       0x1c ./utilities/debug_console/fsl_debug_console.o
 .debug_macro   0x0000c8a3      0x2bf ./utilities/fsl_assert.o
 .debug_macro   0x0000cb62       0x1c ./utilities/fsl_assert.o
 .debug_macro   0x0000cb7e       0x22 ./utilities/fsl_assert.o
 .debug_macro   0x0000cba0       0x29 ./startup/startup_mcxc444.o
 .debug_macro   0x0000cbc9      0x32d ./source/SD2_board.o
 .debug_macro   0x0000cef6       0x82 ./source/SD2_board.o
 .debug_macro   0x0000cf78      0x3c7 ./source/SD2_board.o
 .debug_macro   0x0000d33f       0x10 ./source/SD2_board.o
 .debug_macro   0x0000d34f       0x16 ./source/SD2_board.o
 .debug_macro   0x0000d365       0x16 ./source/SD2_board.o
 .debug_macro   0x0000d37b       0x16 ./source/SD2_board.o
 .debug_macro   0x0000d391       0x1c ./source/SD2_board.o
 .debug_macro   0x0000d3ad      0x319 ./source/main.o
 .debug_macro   0x0000d6c6       0x10 ./source/main.o
 .debug_macro   0x0000d6d6      0x1e5 ./source/main.o
 .debug_macro   0x0000d8bb      0x136 ./source/main.o
 .debug_macro   0x0000d9f1       0x46 ./source/main.o
 .debug_macro   0x0000da37      0x322 ./source/main.o
 .debug_macro   0x0000dd59      0x310 ./source/mcp2515.o
 .debug_macro   0x0000e069       0x2f ./source/mtb.o
 .debug_macro   0x0000e098       0x82 ./source/mtb.o
 .debug_macro   0x0000e11a       0x10 ./source/mtb.o
 .debug_macro   0x0000e12a       0x11 ./source/semihost_hardfault.o
 .debug_macro   0x0000e13b      0x292 ./source/spi_can.o
 .debug_macro   0x0000e3cd      0x2ba ./drivers/fsl_clock.o
 .debug_macro   0x0000e687      0x28d ./drivers/fsl_gpio.o
 .debug_macro   0x0000e914       0x10 ./drivers/fsl_gpio.o
 .debug_macro   0x0000e924      0x28d ./drivers/fsl_lpuart.o
 .debug_macro   0x0000ebb1      0x28d ./drivers/fsl_spi.o
 .debug_macro   0x0000ee3e       0x16 ./drivers/fsl_spi.o
 .debug_macro   0x0000ee54      0x204 ./device/system_MCXC444.o
 .debug_macro   0x0000f058      0x2ac ./component/uart/fsl_adapter_lpuart.o
 .debug_macro   0x0000f304       0x41 ./component/uart/fsl_adapter_lpuart.o
 .debug_macro   0x0000f345      0x308 ./component/serial_manager/fsl_component_serial_manager.o
 .debug_macro   0x0000f64d       0x6a ./component/serial_manager/fsl_component_serial_manager.o
 .debug_macro   0x0000f6b7      0x2ba ./component/serial_manager/fsl_component_serial_port_uart.o
 .debug_macro   0x0000f971      0x2e2 ./board/board.o
 .debug_macro   0x0000fc53      0x2ad ./board/clock_config.o
 .debug_macro   0x0000ff00      0x28d ./board/pin_mux.o

.debug_line     0x00000000     0xe7d2
 .debug_line    0x00000000      0xf2d ./utilities/str/fsl_str.o
 .debug_line    0x00000f2d      0xbd3 ./utilities/debug_console/fsl_debug_console.o
 .debug_line    0x00001b00      0x7a1 ./utilities/fsl_assert.o
 .debug_line    0x000022a1      0x2a4 ./startup/startup_mcxc444.o
 .debug_line    0x00002545      0xadd ./source/SD2_board.o
 .debug_line    0x00003022      0x8f7 ./source/main.o
 .debug_line    0x00003919     0x12d6 ./source/mcp2515.o
 .debug_line    0x00004bef       0xce ./source/mtb.o
 .debug_line    0x00004cbd       0x59 ./source/semihost_hardfault.o
 .debug_line    0x00004d16      0x6e7 ./source/spi_can.o
 .debug_line    0x000053fd      0xbb7 ./drivers/fsl_clock.o
 .debug_line    0x00005fb4      0x830 ./drivers/fsl_gpio.o
 .debug_line    0x000067e4     0x15a0 ./drivers/fsl_lpuart.o
 .debug_line    0x00007d84     0x12b1 ./drivers/fsl_spi.o
 .debug_line    0x00009035      0x616 ./device/system_MCXC444.o
 .debug_line    0x0000964b      0x7f8 ./component/uart/fsl_adapter_lpuart.o
 .debug_line    0x00009e43      0xa69 ./component/serial_manager/fsl_component_serial_manager.o
 .debug_line    0x0000a8ac      0x820 ./component/serial_manager/fsl_component_serial_port_uart.o
 .debug_line    0x0000b0cc      0x7c0 ./board/board.o
 .debug_line    0x0000b88c      0x6f0 ./board/clock_config.o
 .debug_line    0x0000bf7c      0x73f ./board/pin_mux.o
 .debug_line    0x0000c6bb       0xc9 C:/nxp/MCUXpressoIDE_25.6.136/ide/plugins/com.nxp.mcuxpresso.tools.win32_25.6.0.202501151204/tools/bin/../lib/gcc/arm-none-eabi/14.2.1/../../../../arm-none-eabi/lib/thumb/v6-m/nofp\libcr_nohost_nf.a(_cr__main.o)
 .debug_line    0x0000c784      0x112 C:/nxp/MCUXpressoIDE_25.6.136/ide/plugins/com.nxp.mcuxpresso.tools.win32_25.6.0.202501151204/tools/bin/../lib/gcc/arm-none-eabi/14.2.1/../../../../arm-none-eabi/lib/thumb/v6-m/nofp\libcr_c.a(memcpy.o)
 .debug_line    0x0000c896       0xba C:/nxp/MCUXpressoIDE_25.6.136/ide/plugins/com.nxp.mcuxpresso.tools.win32_25.6.0.202501151204/tools/bin/../lib/gcc/arm-none-eabi/14.2.1/../../../../arm-none-eabi/lib/thumb/v6-m/nofp\libcr_c.a(memset.o)
 .debug_line    0x0000c950      0x429 C:/nxp/MCUXpressoIDE_25.6.136/ide/plugins/com.nxp.mcuxpresso.tools.win32_25.6.0.202501151204/tools/bin/../lib/gcc/arm-none-eabi/14.2.1/../../../../arm-none-eabi/lib/thumb/v6-m/nofp\libcr_c.a(alloc.o)
 .debug_line    0x0000cd79       0x86 C:/nxp/MCUXpressoIDE_25.6.136/ide/plugins/com.nxp.mcuxpresso.tools.win32_25.6.0.202501151204/tools/bin/../lib/gcc/arm-none-eabi/14.2.1/../../../../arm-none-eabi/lib/thumb/v6-m/nofp\libcr_c.a(errno.o)
 .debug_line    0x0000cdff      0x1b6 C:/nxp/MCUXpressoIDE_25.6.136/ide/plugins/com.nxp.mcuxpresso.tools.win32_25.6.0.202501151204/tools/bin/../lib/gcc/arm-none-eabi/14.2.1/../../../../arm-none-eabi/lib/thumb/v6-m/nofp\libcr_c.a(initio.o)
 .debug_line    0x0000cfb5      0x167 C:/nxp/MCUXpressoIDE_25.6.136/ide/plugins/com.nxp.mcuxpresso.tools.win32_25.6.0.202501151204/tools/bin/../lib/gcc/arm-none-eabi/14.2.1/../../../../arm-none-eabi/lib/thumb/v6-m/nofp\libcr_c.a(setvbuf.o)
 .debug_line    0x0000d11c      0x156 C:/nxp/MCUXpressoIDE_25.6.136/ide/plugins/com.nxp.mcuxpresso.tools.win32_25.6.0.202501151204/tools/bin/../lib/gcc/arm-none-eabi/14.2.1/../../../../arm-none-eabi/lib/thumb/v6-m/nofp\libcr_c.a(strlen.o)
 .debug_line    0x0000d272      0x36f C:/nxp/MCUXpressoIDE_25.6.136/ide/plugins/com.nxp.mcuxpresso.tools.win32_25.6.0.202501151204/tools/bin/../lib/gcc/arm-none-eabi/14.2.1/../../../../arm-none-eabi/lib/thumb/v6-m/nofp\libcr_c.a(_deferredlazyseek.o)
 .debug_line    0x0000d5e1      0x1ab C:/nxp/MCUXpressoIDE_25.6.136/ide/plugins/com.nxp.mcuxpresso.tools.win32_25.6.0.202501151204/tools/bin/../lib/gcc/arm-none-eabi/14.2.1/../../../../arm-none-eabi/lib/thumb/v6-m/nofp\libcr_c.a(_fdopen.o)
 .debug_line    0x0000d78c      0x197 C:/nxp/MCUXpressoIDE_25.6.136/ide/plugins/com.nxp.mcuxpresso.tools.win32_25.6.0.202501151204/tools/bin/../lib/gcc/arm-none-eabi/14.2.1/../../../../arm-none-eabi/lib/thumb/v6-m/nofp\libcr_c.a(_fflush.o)
 .debug_line    0x0000d923      0x1ba C:/nxp/MCUXpressoIDE_25.6.136/ide/plugins/com.nxp.mcuxpresso.tools.win32_25.6.0.202501151204/tools/bin/../lib/gcc/arm-none-eabi/14.2.1/../../../../arm-none-eabi/lib/thumb/v6-m/nofp\libcr_c.a(_writebuf.o)
 .debug_line    0x0000dadd      0x17a C:/nxp/MCUXpressoIDE_25.6.136/ide/plugins/com.nxp.mcuxpresso.tools.win32_25.6.0.202501151204/tools/bin/../lib/gcc/arm-none-eabi/14.2.1/../../../../arm-none-eabi/lib/thumb/v6-m/nofp\libcr_c.a(fclose.o)
 .debug_line    0x0000dc57      0x153 C:/nxp/MCUXpressoIDE_25.6.136/ide/plugins/com.nxp.mcuxpresso.tools.win32_25.6.0.202501151204/tools/bin/../lib/gcc/arm-none-eabi/14.2.1/../../../../arm-none-eabi/lib/thumb/v6-m/nofp\libcr_c.a(fflush.o)
 .debug_line    0x0000ddaa      0x2ae C:/nxp/MCUXpressoIDE_25.6.136/ide/plugins/com.nxp.mcuxpresso.tools.win32_25.6.0.202501151204/tools/bin/../lib/gcc/arm-none-eabi/14.2.1/../../../../arm-none-eabi/lib/thumb/v6-m/nofp\libcr_c.a(fseek.o)
 .debug_line    0x0000e058      0x180 C:/nxp/MCUXpressoIDE_25.6.136/ide/plugins/com.nxp.mcuxpresso.tools.win32_25.6.0.202501151204/tools/bin/../lib/gcc/arm-none-eabi/14.2.1/../../../../arm-none-eabi/lib/thumb/v6-m/nofp\libcr_c.a(ftell.o)
 .debug_line    0x0000e1d8      0x15a C:/nxp/MCUXpressoIDE_25.6.136/ide/plugins/com.nxp.mcuxpresso.tools.win32_25.6.0.202501151204/tools/bin/../lib/gcc/arm-none-eabi/14.2.1/../../../../arm-none-eabi/lib/thumb/v6-m/nofp\libcr_c.a(remove.o)
 .debug_line    0x0000e332      0x170 C:/nxp/MCUXpressoIDE_25.6.136/ide/plugins/com.nxp.mcuxpresso.tools.win32_25.6.0.202501151204/tools/bin/../lib/gcc/arm-none-eabi/14.2.1/../../../../arm-none-eabi/lib/thumb/v6-m/nofp\libcr_c.a(_do_fflush.o)
 .debug_line    0x0000e4a2       0xea C:/nxp/MCUXpressoIDE_25.6.136/ide/plugins/com.nxp.mcuxpresso.tools.win32_25.6.0.202501151204/tools/bin/../lib/gcc/arm-none-eabi/14.2.1/../../../../arm-none-eabi/lib/thumb/v6-m/nofp\libcr_nohost_nf.a(__ciob.o)
 .debug_line    0x0000e58c       0x54 C:/nxp/MCUXpressoIDE_25.6.136/ide/plugins/com.nxp.mcuxpresso.tools.win32_25.6.0.202501151204/tools/bin/../lib/gcc/arm-none-eabi/14.2.1/../../../../arm-none-eabi/lib/thumb/v6-m/nofp\libcr_nohost_nf.a(__sys_close.o)
 .debug_line    0x0000e5e0       0x53 C:/nxp/MCUXpressoIDE_25.6.136/ide/plugins/com.nxp.mcuxpresso.tools.win32_25.6.0.202501151204/tools/bin/../lib/gcc/arm-none-eabi/14.2.1/../../../../arm-none-eabi/lib/thumb/v6-m/nofp\libcr_nohost_nf.a(__sys_flen.o)
 .debug_line    0x0000e633       0x54 C:/nxp/MCUXpressoIDE_25.6.136/ide/plugins/com.nxp.mcuxpresso.tools.win32_25.6.0.202501151204/tools/bin/../lib/gcc/arm-none-eabi/14.2.1/../../../../arm-none-eabi/lib/thumb/v6-m/nofp\libcr_nohost_nf.a(__sys_istty.o)
 .debug_line    0x0000e687       0x55 C:/nxp/MCUXpressoIDE_25.6.136/ide/plugins/com.nxp.mcuxpresso.tools.win32_25.6.0.202501151204/tools/bin/../lib/gcc/arm-none-eabi/14.2.1/../../../../arm-none-eabi/lib/thumb/v6-m/nofp\libcr_nohost_nf.a(__sys_remove.o)
 .debug_line    0x0000e6dc       0x53 C:/nxp/MCUXpressoIDE_25.6.136/ide/plugins/com.nxp.mcuxpresso.tools.win32_25.6.0.202501151204/tools/bin/../lib/gcc/arm-none-eabi/14.2.1/../../../../arm-none-eabi/lib/thumb/v6-m/nofp\libcr_nohost_nf.a(__sys_seek.o)
 .debug_line    0x0000e72f       0x55 C:/nxp/MCUXpressoIDE_25.6.136/ide/plugins/com.nxp.mcuxpresso.tools.win32_25.6.0.202501151204/tools/bin/../lib/gcc/arm-none-eabi/14.2.1/../../../../arm-none-eabi/lib/thumb/v6-m/nofp\libcr_nohost_nf.a(__sys_tmpnam.o)
 .debug_line    0x0000e784       0x4e C:/nxp/MCUXpressoIDE_25.6.136/ide/plugins/com.nxp.mcuxpresso.tools.win32_25.6.0.202501151204/tools/bin/../lib/gcc/arm-none-eabi/14.2.1/../../../../arm-none-eabi/lib/thumb/v6-m/nofp\libcr_nohost_nf.a(__sys_write.o)

.debug_str      0x00000000    0x5b7f6
 .debug_str     0x00000000    0x5b7f6 ./utilities/str/fsl_str.o
                              0x50f09 (size before relaxing)
 .debug_str     0x0005b7f6    0x525a3 ./utilities/debug_console/fsl_debug_console.o
 .debug_str     0x0005b7f6    0x50cad ./utilities/fsl_assert.o
 .debug_str     0x0005b7f6     0x327b ./startup/startup_mcxc444.o
 .debug_str     0x0005b7f6    0x528f3 ./source/SD2_board.o
 .debug_str     0x0005b7f6    0x5419d ./source/main.o
 .debug_str     0x0005b7f6    0x53572 ./source/mcp2515.o
 .debug_str     0x0005b7f6     0x335a ./source/mtb.o
 .debug_str     0x0005b7f6     0x2e47 ./source/semihost_hardfault.o
 .debug_str     0x0005b7f6    0x502ca ./source/spi_can.o
 .debug_str     0x0005b7f6    0x51b79 ./drivers/fsl_clock.o
 .debug_str     0x0005b7f6    0x50ef9 ./drivers/fsl_gpio.o
 .debug_str     0x0005b7f6    0x521d1 ./drivers/fsl_lpuart.o
 .debug_str     0x0005b7f6    0x51cb3 ./drivers/fsl_spi.o
 .debug_str     0x0005b7f6    0x4e5a0 ./device/system_MCXC444.o
 .debug_str     0x0005b7f6    0x51621 ./component/uart/fsl_adapter_lpuart.o
 .debug_str     0x0005b7f6    0x5225f ./component/serial_manager/fsl_component_serial_manager.o
 .debug_str     0x0005b7f6    0x510a9 ./component/serial_manager/fsl_component_serial_port_uart.o
 .debug_str     0x0005b7f6    0x51d27 ./board/board.o
 .debug_str     0x0005b7f6    0x5142d ./board/clock_config.o
 .debug_str     0x0005b7f6    0x50e32 ./board/pin_mux.o
 .debug_str     0x0005b7f6      0x16a C:/nxp/MCUXpressoIDE_25.6.136/ide/plugins/com.nxp.mcuxpresso.tools.win32_25.6.0.202501151204/tools/bin/../lib/gcc/arm-none-eabi/14.2.1/../../../../arm-none-eabi/lib/thumb/v6-m/nofp\libcr_nohost_nf.a(_cr__main.o)
 .debug_str     0x0005b7f6      0x1b8 C:/nxp/MCUXpressoIDE_25.6.136/ide/plugins/com.nxp.mcuxpresso.tools.win32_25.6.0.202501151204/tools/bin/../lib/gcc/arm-none-eabi/14.2.1/../../../../arm-none-eabi/lib/thumb/v6-m/nofp\libcr_c.a(memcpy.o)
 .debug_str     0x0005b7f6      0x181 C:/nxp/MCUXpressoIDE_25.6.136/ide/plugins/com.nxp.mcuxpresso.tools.win32_25.6.0.202501151204/tools/bin/../lib/gcc/arm-none-eabi/14.2.1/../../../../arm-none-eabi/lib/thumb/v6-m/nofp\libcr_c.a(memset.o)
 .debug_str     0x0005b7f6      0x234 C:/nxp/MCUXpressoIDE_25.6.136/ide/plugins/com.nxp.mcuxpresso.tools.win32_25.6.0.202501151204/tools/bin/../lib/gcc/arm-none-eabi/14.2.1/../../../../arm-none-eabi/lib/thumb/v6-m/nofp\libcr_c.a(alloc.o)