../source/mcp2515.c:580:13:delay_ms	24	static
../source/mcp2515.c:720:13:mcp2515_init	8	static
../source/mcp2515.c:727:13:startSPI	8	static
../source/mcp2515.c:740:13:endSPI	8	static
../source/mcp2515.c:752:16:mcp2515_reset	80	static
../source/mcp2515.c:867:16:mcp2515_readRegister	32	static
../source/mcp2515.c:898:16:mcp2515_readRegisters	32	static
../source/mcp2515.c:929:16:mcp2515_setRegister	32	static
../source/mcp2515.c:979:16:mcp2515_setRegisters	40	static
../source/mcp2515.c:1021:16:mcp2515_modifyRegister	32	static
../source/mcp2515.c:1057:16:mcp2515_getStatus	16	static
../source/mcp2515.c:1070:16:mcp2515_setConfigMode	16	static
../source/mcp2515.c:1088:16:mcp2515_setListenOnlyMode	16	static
../source/mcp2515.c:1097:16:mcp2515_setSleepMode	16	static
../source/mcp2515.c:1106:16:mcp2515_setLoopbackMode	16	static
../source/mcp2515.c:1115:16:mcp2515_setNormalMode	16	static
../source/mcp2515.c:1124:16:mcp2515_setMode	40	static
../source/mcp2515.c:1166:16:mcp2515_setBitrate	40	static
../source/mcp2515.c:1490:16:mcp2515_setClkOut	32	static
../source/mcp2515.c:1532:13:mcp2515_prepareId	40	static
../source/mcp2515.c:1558:16:mcp2515_setFilterMask	40	static
../source/mcp2515.c:1600:16:mcp2515_setFilter	56	static
../source/mcp2515.c:1651:16:mcp2515_sendMessageWithBufferId	64	static
../source/mcp2515.c:1756:16:mcp2515_sendMessage	40	static
../source/mcp2515.c:1788:16:mcp2515_readMessageWithBufferId	56	static
../source/mcp2515.c:1873:16:mcp2515_readMessage	32	static
../source/mcp2515.c:1894:13:mcp2515_checkReceive	24	static
../source/mcp2515.c:1908:13:mcp2515_checkError	24	static
../source/mcp2515.c:1922:16:mcp2515_getErrorFlags	16	static
../source/mcp2515.c:1940:13:mcp2515_clearRXnOVRFlags	16	static
../source/mcp2515.c:1955:16:mcp2515_getInterrupts	24	static
../source/mcp2515.c:1971:13:mcp2515_clearInterrupts	16	static
../source/mcp2515.c:1984:16:mcp2515_getInterruptMask	16	static
../source/mcp2515.c:1995:13:mcp2515_clearTXInterrupts	16	static
../source/mcp2515.c:2012:13:mcp2515_clearRXnOVR	24	static
../source/mcp2515.c:2026:13:mcp2515_clearMERR	16	static
../source/mcp2515.c:2043:13:mcp2515_clearERRIF	16	static
../source/mcp2515.c:2060:16:mcp2515_errorCountRX	16	static
../source/mcp2515.c:2073:16:mcp2515_errorCountTX	16	static
../source/mcp2515.c:2085:13:mcp2515_getIntERRIF	8	static
../source/mcp2515.c:2090:13:mcp2515_getIntMERRF	8	static
../source/mcp2515.c:2095:13:mcp2515_getIntRX1IF	16	static
../source/mcp2515.c:2104:13:mcp2515_getIntRX0IF	16	static
../source/mcp2515.c:2113:13:mcp2515_getIntTX0IF	8	static
../source/mcp2515.c:2118:13:mcp2515_getIntTX1IF	8	static
../source/mcp2515.c:2123:13:mcp2515_getIntTX2IF	8	static
